#-----------------------------------------------------------
# Vivado v2021.2 (64-bit)
# SW Build 3367213 on Tue Oct 19 02:47:39 MDT 2021
# IP Build 3369179 on Thu Oct 21 08:25:16 MDT 2021
# Start of session at: Mon Apr 13 14:26:30 2026
# Process ID: 174074
# Current directory: /ecel/UFAD/ymahmud/bnn_fcc_contest/post_syn
# Command line: vivado -mode batch -source /home/UFAD/ymahmud/bnn_fcc_contest/post_syn/run_post_syn_impl.tcl -tclargs /home/UFAD/ymahmud/bnn_fcc_contest/openflex/build_vivado/outputs/post_synth.dcp /home/UFAD/ymahmud/bnn_fcc_contest/openflex/build_vivado/vivado.xdc /home/UFAD/ymahmud/bnn_fcc_contest/post_syn/outputs 8 -log run.log -journal run.jou
# Log file: /ecel/UFAD/ymahmud/bnn_fcc_contest/post_syn/vivado.log
# Journal file: /ecel/UFAD/ymahmud/bnn_fcc_contest/post_syn/vivado.jou
# Running On: ece-lnx-10, OS: Linux, CPU Frequency: 3192.499 MHz, CPU Physical cores: 24, Host memory: 100809 MB
#-----------------------------------------------------------
Sourcing tcl script '/home/UFAD/ymahmud/.Xilinx/Vivado/Vivado_init.tcl'
INFO: [Common 17-1463] Init.tcl in /home/UFAD/ymahmud/.Xilinx/Vivado/init.tcl is not used. Vivado_init.tcl is already sourced.
source /home/UFAD/ymahmud/bnn_fcc_contest/post_syn/run_post_syn_impl.tcl
# set dcp_path [lindex $argv 0]
# set xdc_path [lindex $argv 1]
# set out_dir  [lindex $argv 2]
# set jobs     [lindex $argv 3]
# file mkdir $out_dir
# puts "----------------------------------------"
----------------------------------------
# puts " Post-Synth Implementation (opt/place/route)"
 Post-Synth Implementation (opt/place/route)
# puts "----------------------------------------"
----------------------------------------
# puts "DCP:  $dcp_path"
DCP:  /home/UFAD/ymahmud/bnn_fcc_contest/openflex/build_vivado/outputs/post_synth.dcp
# puts "XDC:  $xdc_path"
XDC:  /home/UFAD/ymahmud/bnn_fcc_contest/openflex/build_vivado/vivado.xdc
# puts "OUT:  $out_dir"
OUT:  /home/UFAD/ymahmud/bnn_fcc_contest/post_syn/outputs
# puts "JOBS: $jobs"
JOBS: 8
# set_param general.maxThreads $jobs
# open_checkpoint $dcp_path
Command: open_checkpoint /home/UFAD/ymahmud/bnn_fcc_contest/openflex/build_vivado/outputs/post_synth.dcp

Starting open_checkpoint Task

Time (s): cpu = 00:00:00.03 ; elapsed = 00:00:00.03 . Memory (MB): peak = 2924.129 ; gain = 0.000 ; free physical = 14881 ; free virtual = 52657
INFO: [Device 21-403] Loading part xcu250-figd2104-2L-e
Netlist sorting complete. Time (s): cpu = 00:00:00.08 ; elapsed = 00:00:00.07 . Memory (MB): peak = 3239.047 ; gain = 0.000 ; free physical = 13599 ; free virtual = 51419
INFO: [Netlist 29-17] Analyzing 692 Unisim elements for replacement
INFO: [Netlist 29-28] Unisim Transformation completed in 0 CPU seconds
INFO: [Project 1-479] Netlist was created with Vivado 2021.2
INFO: [Project 1-570] Preparing netlist for logic optimization
INFO: [Timing 38-478] Restoring timing data from binary archive.
INFO: [Timing 38-479] Binary timing data restore complete.
INFO: [Project 1-856] Restoring constraints from binary archive.
INFO: [Project 1-853] Binary constraint restore complete.
Netlist sorting complete. Time (s): cpu = 00:00:00 ; elapsed = 00:00:00.01 . Memory (MB): peak = 3733.211 ; gain = 0.000 ; free physical = 13325 ; free virtual = 51044
INFO: [Project 1-111] Unisim Transformation Summary:
  A total of 612 instances were transformed.
  RAM128X1D => RAM128X1D (MUXF7(x2), RAMD64E(x4)): 512 instances
  RAM64M8 => RAM64M8 (RAMD64E(x8)): 90 instances
  RAM64X1D => RAM64X1D (RAMD64E(x2)): 10 instances

INFO: [Project 1-604] Checkpoint was created with Vivado v2021.2 (64-bit) build 3367213
open_checkpoint: Time (s): cpu = 00:00:20 ; elapsed = 00:00:26 . Memory (MB): peak = 3733.211 ; gain = 809.082 ; free physical = 13327 ; free virtual = 51047
# if { $xdc_path ne "" } {
#   read_xdc $xdc_path
# }
Parsing XDC File [/home/UFAD/ymahmud/bnn_fcc_contest/openflex/build_vivado/vivado.xdc]
WARNING: [Constraints 18-619] A clock with name 'clk' already exists, overwriting the previous clock with the same name. [/home/UFAD/ymahmud/bnn_fcc_contest/openflex/build_vivado/vivado.xdc:2]
INFO: [Vivado 12-4761] HD.CLK_SRC property is set on port clk. The net connecting to the port drives either clock PIN or hierarchical black box. Use the create_clock constraint to create a clock on this port prior to setting HD.CLK_SRC.  [/home/UFAD/ymahmud/bnn_fcc_contest/openflex/build_vivado/vivado.xdc:3]
Finished Parsing XDC File [/home/UFAD/ymahmud/bnn_fcc_contest/openflex/build_vivado/vivado.xdc]
# opt_design
Command: opt_design
Attempting to get a license for feature 'Implementation' and/or device 'xcu250'
INFO: [Common 17-349] Got license for feature 'Implementation' and/or device 'xcu250'
Running DRC as a precondition to command opt_design

Starting DRC Task
INFO: [DRC 23-27] Running DRC with 8 threads
INFO: [Project 1-461] DRC finished with 0 Errors
INFO: [Project 1-462] Please refer to the DRC report (report_drc) for more information.

Time (s): cpu = 00:00:03 ; elapsed = 00:00:03 . Memory (MB): peak = 3819.023 ; gain = 82.844 ; free physical = 13314 ; free virtual = 51039

Starting Cache Timing Information Task
Ending Cache Timing Information Task | Checksum: 87594f45

Time (s): cpu = 00:00:00.50 ; elapsed = 00:00:00.17 . Memory (MB): peak = 3819.023 ; gain = 0.000 ; free physical = 13284 ; free virtual = 51009

Starting Logic Optimization Task

Phase 1 Retarget
INFO: [Opt 31-1287] Pulled Inverter DUT/gen_layers[1].mem_inst/gen_weight_ports[1].batch_word_addr_q[10]_i_1 into driver instance DUT/gen_layers[1].mem_inst/gen_weight_ports[1].weight_word_addr_lo_issue[1][10]_i_2, which resulted in an inversion of 3 pins
INFO: [Opt 31-1287] Pulled Inverter DUT/gen_layers[1].mem_inst/gen_weight_ports[2].batch_word_addr_q[10]_i_1 into driver instance DUT/gen_layers[1].mem_inst/gen_weight_ports[2].weight_word_addr_lo_issue[2][10]_i_2, which resulted in an inversion of 3 pins
INFO: [Opt 31-1287] Pulled Inverter DUT/gen_layers[1].mem_inst/gen_weight_ports[5].batch_word_addr_q[10]_i_1 into driver instance DUT/gen_layers[1].mem_inst/gen_weight_ports[5].weight_word_addr_lo_issue[5][10]_i_2, which resulted in an inversion of 3 pins
INFO: [Opt 31-1287] Pulled Inverter DUT/gen_layers[1].mem_inst/gen_weight_ports[6].batch_word_addr_q[10]_i_1 into driver instance DUT/gen_layers[1].mem_inst/gen_weight_ports[6].weight_word_addr_lo_issue[6][10]_i_2, which resulted in an inversion of 3 pins
INFO: [Opt 31-1287] Pulled Inverter DUT/gen_layers[1].mem_inst/gen_weight_ports[7].batch_word_addr_q[10]_i_1 into driver instance DUT/gen_layers[1].mem_inst/gen_weight_ports[7].weight_word_addr_lo_issue[7][10]_i_2, which resulted in an inversion of 3 pins
INFO: [Opt 31-138] Pushed 0 inverter(s) to 0 load pin(s).
INFO: [Opt 31-49] Retargeted 0 cell(s).
Phase 1 Retarget | Checksum: c1b5b320

Time (s): cpu = 00:00:02 ; elapsed = 00:00:00.65 . Memory (MB): peak = 4010.117 ; gain = 0.000 ; free physical = 13148 ; free virtual = 50871
INFO: [Opt 31-389] Phase Retarget created 0 cells and removed 5 cells

Phase 2 Constant propagation
INFO: [Opt 31-138] Pushed 0 inverter(s) to 0 load pin(s).
Phase 2 Constant propagation | Checksum: 11c6bf2e3

Time (s): cpu = 00:00:02 ; elapsed = 00:00:00.76 . Memory (MB): peak = 4010.117 ; gain = 0.000 ; free physical = 13139 ; free virtual = 50862
INFO: [Opt 31-389] Phase Constant propagation created 0 cells and removed 11 cells

Phase 3 Sweep
Phase 3 Sweep | Checksum: 10443d41c

Time (s): cpu = 00:00:02 ; elapsed = 00:00:00.99 . Memory (MB): peak = 4010.117 ; gain = 0.000 ; free physical = 13105 ; free virtual = 50829
INFO: [Opt 31-389] Phase Sweep created 0 cells and removed 0 cells

Phase 4 BUFG optimization
INFO: [Opt 31-1077] Phase BUFG optimization inserted 0 global clock buffer(s) for CLOCK_LOW_FANOUT.
Phase 4 BUFG optimization | Checksum: 10443d41c

Time (s): cpu = 00:00:02 ; elapsed = 00:00:01 . Memory (MB): peak = 4010.117 ; gain = 0.000 ; free physical = 13093 ; free virtual = 50817
INFO: [Opt 31-662] Phase BUFG optimization created 0 cells of which 0 are BUFGs and removed 0 cells.

Phase 5 Shift Register Optimization
INFO: [Opt 31-1064] SRL Remap converted 0 SRLs to 0 registers and converted 0 registers of register chains to 0 SRLs
Phase 5 Shift Register Optimization | Checksum: 10443d41c

Time (s): cpu = 00:00:02 ; elapsed = 00:00:01 . Memory (MB): peak = 4010.117 ; gain = 0.000 ; free physical = 13091 ; free virtual = 50815
INFO: [Opt 31-389] Phase Shift Register Optimization created 0 cells and removed 0 cells

Phase 6 Post Processing Netlist
Phase 6 Post Processing Netlist | Checksum: 10443d41c

Time (s): cpu = 00:00:02 ; elapsed = 00:00:01 . Memory (MB): peak = 4010.117 ; gain = 0.000 ; free physical = 13117 ; free virtual = 50841
INFO: [Opt 31-389] Phase Post Processing Netlist created 0 cells and removed 0 cells
Opt_design Change Summary
=========================


-------------------------------------------------------------------------------------------------------------------------
|  Phase                        |  #Cells created  |  #Cells Removed  |  #Constrained objects preventing optimizations  |
-------------------------------------------------------------------------------------------------------------------------
|  Retarget                     |               0  |               5  |                                              0  |
|  Constant propagation         |               0  |              11  |                                              0  |
|  Sweep                        |               0  |               0  |                                              0  |
|  BUFG optimization            |               0  |               0  |                                              0  |
|  Shift Register Optimization  |               0  |               0  |                                              0  |
|  Post Processing Netlist      |               0  |               0  |                                              0  |
-------------------------------------------------------------------------------------------------------------------------



Starting Connectivity Check Task

Time (s): cpu = 00:00:00.02 ; elapsed = 00:00:00.03 . Memory (MB): peak = 4010.117 ; gain = 0.000 ; free physical = 13136 ; free virtual = 50860
Ending Logic Optimization Task | Checksum: edff8781

Time (s): cpu = 00:00:02 ; elapsed = 00:00:01 . Memory (MB): peak = 4010.117 ; gain = 0.000 ; free physical = 13136 ; free virtual = 50860

Starting Power Optimization Task
INFO: [Pwropt 34-132] Skipping clock gating for clocks with a period < 2.00 ns.
INFO: [Pwropt 34-232] Skipping BRAM gating because all BRAMs are in high frequency (i.e. period < 3.12 ns) clock domains.
INFO: [Pwropt 34-162] WRITE_MODE attribute of 0 BRAM(s) out of a total of 16 has been updated to save power. Run report_power_opt to get a complete listing of the BRAMs updated.
Ending Power Optimization Task | Checksum: edff8781

Time (s): cpu = 00:00:00.42 ; elapsed = 00:00:00.48 . Memory (MB): peak = 4010.117 ; gain = 0.000 ; free physical = 13101 ; free virtual = 50826

Starting Final Cleanup Task
Ending Final Cleanup Task | Checksum: edff8781

Time (s): cpu = 00:00:00 ; elapsed = 00:00:00 . Memory (MB): peak = 4010.117 ; gain = 0.000 ; free physical = 13101 ; free virtual = 50826

Starting Netlist Obfuscation Task
Netlist sorting complete. Time (s): cpu = 00:00:00 ; elapsed = 00:00:00 . Memory (MB): peak = 4010.117 ; gain = 0.000 ; free physical = 13100 ; free virtual = 50825
Ending Netlist Obfuscation Task | Checksum: edff8781

Time (s): cpu = 00:00:00 ; elapsed = 00:00:00 . Memory (MB): peak = 4010.117 ; gain = 0.000 ; free physical = 13100 ; free virtual = 50824
INFO: [Common 17-83] Releasing license: Implementation
24 Infos, 0 Warnings, 0 Critical Warnings and 0 Errors encountered.
opt_design completed successfully
opt_design: Time (s): cpu = 00:00:08 ; elapsed = 00:00:07 . Memory (MB): peak = 4010.117 ; gain = 276.906 ; free physical = 13100 ; free virtual = 50824
# write_checkpoint -force "$out_dir/post_opt.dcp"
INFO: [Timing 38-35] Done setting XDC timing constraints.
INFO: [Timing 38-480] Writing timing data to binary archive.
INFO: [Common 17-1381] The checkpoint '/home/UFAD/ymahmud/bnn_fcc_contest/post_syn/outputs/post_opt.dcp' has been generated.
# place_design
Command: place_design
Attempting to get a license for feature 'Implementation' and/or device 'xcu250'
INFO: [Common 17-349] Got license for feature 'Implementation' and/or device 'xcu250'
INFO: [DRC 23-27] Running DRC with 8 threads
INFO: [Vivado_Tcl 4-198] DRC finished with 0 Errors
INFO: [Vivado_Tcl 4-199] Please refer to the DRC report (report_drc) for more information.
Running DRC as a precondition to command place_design
INFO: [DRC 23-27] Running DRC with 8 threads
INFO: [Vivado_Tcl 4-198] DRC finished with 0 Errors
INFO: [Vivado_Tcl 4-199] Please refer to the DRC report (report_drc) for more information.

Starting Placer Task
INFO: [Place 30-611] Multithreading enabled for place_design using a maximum of 8 CPUs

Phase 1 Placer Initialization

Phase 1.1 Placer Initialization Netlist Sorting
Netlist sorting complete. Time (s): cpu = 00:00:00 ; elapsed = 00:00:00.01 . Memory (MB): peak = 5269.117 ; gain = 0.000 ; free physical = 12086 ; free virtual = 49860
Phase 1.1 Placer Initialization Netlist Sorting | Checksum: e16af736

Time (s): cpu = 00:00:00.01 ; elapsed = 00:00:00.02 . Memory (MB): peak = 5269.117 ; gain = 0.000 ; free physical = 12086 ; free virtual = 49860
Netlist sorting complete. Time (s): cpu = 00:00:00 ; elapsed = 00:00:00 . Memory (MB): peak = 5269.117 ; gain = 0.000 ; free physical = 12087 ; free virtual = 49860

Phase 1.2 IO Placement/ Clock Placement/ Build Placer Device
Phase 1.2 IO Placement/ Clock Placement/ Build Placer Device | Checksum: ebc2f510

Time (s): cpu = 00:00:04 ; elapsed = 00:00:04 . Memory (MB): peak = 5269.117 ; gain = 0.000 ; free physical = 12085 ; free virtual = 49862

Phase 1.3 Build Placer Netlist Model
Phase 1.3 Build Placer Netlist Model | Checksum: 1738dcde3

Time (s): cpu = 00:00:15 ; elapsed = 00:00:10 . Memory (MB): peak = 5910.836 ; gain = 641.719 ; free physical = 11924 ; free virtual = 49685

Phase 1.4 Constrain Clocks/Macros
Phase 1.4 Constrain Clocks/Macros | Checksum: 1738dcde3

Time (s): cpu = 00:00:15 ; elapsed = 00:00:10 . Memory (MB): peak = 5910.836 ; gain = 641.719 ; free physical = 11922 ; free virtual = 49683
Phase 1 Placer Initialization | Checksum: 1738dcde3

Time (s): cpu = 00:00:15 ; elapsed = 00:00:10 . Memory (MB): peak = 5910.836 ; gain = 641.719 ; free physical = 11913 ; free virtual = 49674

Phase 2 Global Placement

Phase 2.1 Floorplanning

Phase 2.1.1 Partition Driven Placement

Phase 2.1.1.1 PBP: Partition Driven Placement
Phase 2.1.1.1 PBP: Partition Driven Placement | Checksum: 17c486f9e

Time (s): cpu = 00:00:28 ; elapsed = 00:00:16 . Memory (MB): peak = 5910.836 ; gain = 641.719 ; free physical = 11797 ; free virtual = 49570

Phase 2.1.1.2 PBP: Clock Region Placement
Phase 2.1.1.2 PBP: Clock Region Placement | Checksum: 17c486f9e

Time (s): cpu = 00:00:31 ; elapsed = 00:00:20 . Memory (MB): peak = 5910.836 ; gain = 641.719 ; free physical = 11836 ; free virtual = 49606

Phase 2.1.1.3 PBP: Compute Congestion
Phase 2.1.1.3 PBP: Compute Congestion | Checksum: 17c486f9e

Time (s): cpu = 00:00:43 ; elapsed = 00:00:31 . Memory (MB): peak = 6536.215 ; gain = 1267.098 ; free physical = 11382 ; free virtual = 49170

Phase 2.1.1.4 PBP: UpdateTiming
Phase 2.1.1.4 PBP: UpdateTiming | Checksum: 1a8e8bb2c

Time (s): cpu = 00:00:45 ; elapsed = 00:00:32 . Memory (MB): peak = 6568.230 ; gain = 1299.113 ; free physical = 11405 ; free virtual = 49193

Phase 2.1.1.5 PBP: Add part constraints
Phase 2.1.1.5 PBP: Add part constraints | Checksum: 1a8e8bb2c

Time (s): cpu = 00:00:45 ; elapsed = 00:00:32 . Memory (MB): peak = 6568.230 ; gain = 1299.113 ; free physical = 11406 ; free virtual = 49194
Phase 2.1.1 Partition Driven Placement | Checksum: 1a8e8bb2c

Time (s): cpu = 00:00:45 ; elapsed = 00:00:32 . Memory (MB): peak = 6568.230 ; gain = 1299.113 ; free physical = 11425 ; free virtual = 49213
Phase 2.1 Floorplanning | Checksum: 10e3d970f

Time (s): cpu = 00:00:45 ; elapsed = 00:00:32 . Memory (MB): peak = 6568.230 ; gain = 1299.113 ; free physical = 11424 ; free virtual = 49212

Phase 2.2 Physical Synthesis After Floorplan
INFO: [Physopt 32-775] End 1 Pass. Optimized 0 net or cell. Created 0 new cell, deleted 0 existing cell and moved 0 existing cell
Netlist sorting complete. Time (s): cpu = 00:00:00 ; elapsed = 00:00:00.01 . Memory (MB): peak = 6568.230 ; gain = 0.000 ; free physical = 11385 ; free virtual = 49173

Summary of Physical Synthesis Optimizations
============================================


-----------------------------------------------------------------------------------------------------------------------------------------------
|  Optimization                         |  Added Cells  |  Removed Cells  |  Optimized Cells/Nets  |  Dont Touch  |  Iterations  |  Elapsed   |
-----------------------------------------------------------------------------------------------------------------------------------------------
|  PSIP Post Floorplan SLR Replication  |            0  |              0  |                     0  |           0  |           1  |  00:00:00  |
|  Total                                |            0  |              0  |                     0  |           0  |           1  |  00:00:00  |
-----------------------------------------------------------------------------------------------------------------------------------------------


Phase 2.2 Physical Synthesis After Floorplan | Checksum: 10e3d970f

Time (s): cpu = 00:00:45 ; elapsed = 00:00:33 . Memory (MB): peak = 6568.230 ; gain = 1299.113 ; free physical = 11382 ; free virtual = 49170

Phase 2.3 Update Timing before SLR Path Opt
Phase 2.3 Update Timing before SLR Path Opt | Checksum: 10e3d970f

Time (s): cpu = 00:00:45 ; elapsed = 00:00:33 . Memory (MB): peak = 6568.230 ; gain = 1299.113 ; free physical = 11379 ; free virtual = 49168

Phase 2.4 Post-Processing in Floorplanning
Phase 2.4 Post-Processing in Floorplanning | Checksum: 194f595d3

Time (s): cpu = 00:00:46 ; elapsed = 00:00:33 . Memory (MB): peak = 6568.230 ; gain = 1299.113 ; free physical = 11414 ; free virtual = 49202

Phase 2.5 Global Placement Core

Phase 2.5.1 Physical Synthesis In Placer
INFO: [Physopt 32-1035] Found 165 LUTNM shape to break, 30 LUT instances to create LUTNM shape
INFO: [Physopt 32-1044] Break lutnm for timing: one critical 12, two critical 153, total 165, new lutff created 0
INFO: [Physopt 32-1138] End 1 Pass. Optimized 174 nets or LUTs. Breaked 165 LUTs, combined 9 existing LUTs and moved 0 existing LUT
INFO: [Physopt 32-1030] Pass 1. Identified 21 candidate driver sets for equivalent driver rewiring.
INFO: [Physopt 32-661] Optimized 16 nets.  Re-placed 35 instances.
INFO: [Physopt 32-775] End 1 Pass. Optimized 16 nets or cells. Created 0 new cell, deleted 0 existing cell and moved 35 existing cells
Netlist sorting complete. Time (s): cpu = 00:00:00.04 ; elapsed = 00:00:00.04 . Memory (MB): peak = 7371.711 ; gain = 0.000 ; free physical = 11395 ; free virtual = 49162
INFO: [Physopt 32-65] No nets found for high-fanout optimization.
INFO: [Physopt 32-232] Optimized 0 net. Created 0 new instance.
INFO: [Physopt 32-775] End 1 Pass. Optimized 0 net or cell. Created 0 new cell, deleted 0 existing cell and moved 0 existing cell
INFO: [Physopt 32-76] Pass 1. Identified 81 candidate nets for fanout optimization.
INFO: [Physopt 32-81] Processed net DUT/gen_layers[3].mem_inst/wr_addr_q[7]. Replicated 5 times.
INFO: [Physopt 32-81] Processed net DUT/gen_layers[3].mem_inst/wr_addr_q[9]. Replicated 5 times.
INFO: [Physopt 32-81] Processed net DUT/gen_layers[3].mem_inst/wr_addr_q[8]. Replicated 5 times.
INFO: [Physopt 32-81] Processed net DUT/gen_layers[3].mem_inst/wr_data_q[30]. Replicated 5 times.
INFO: [Physopt 32-81] Processed net DUT/gen_layers[3].mem_inst/wr_data_q[51]. Replicated 6 times.
INFO: [Physopt 32-81] Processed net DUT/gen_layers[3].mem_inst/wr_data_q[32]. Replicated 5 times.
INFO: [Physopt 32-81] Processed net DUT/gen_layers[3].mem_inst/wr_data_q[37]. Replicated 6 times.
INFO: [Physopt 32-81] Processed net DUT/gen_layers[3].mem_inst/wr_data_q[46]. Replicated 5 times.
INFO: [Physopt 32-81] Processed net DUT/gen_layers[3].mem_inst/wr_data_q[62]. Replicated 6 times.
INFO: [Physopt 32-81] Processed net DUT/gen_layers[3].mem_inst/wr_data_q[56]. Replicated 7 times.
INFO: [Physopt 32-81] Processed net DUT/gen_layers[3].mem_inst/wr_data_q[1]. Replicated 5 times.
INFO: [Physopt 32-81] Processed net DUT/gen_layers[3].mem_inst/wr_data_q[47]. Replicated 5 times.
INFO: [Physopt 32-81] Processed net DUT/gen_layers[3].mem_inst/wr_data_q[21]. Replicated 6 times.
INFO: [Physopt 32-81] Processed net DUT/gen_layers[3].mem_inst/wr_data_q[41]. Replicated 5 times.
INFO: [Physopt 32-81] Processed net DUT/gen_layers[3].mem_inst/wr_data_q[2]. Replicated 5 times.
INFO: [Physopt 32-81] Processed net DUT/gen_layers[3].mem_inst/wr_data_q[10]. Replicated 5 times.
INFO: [Physopt 32-81] Processed net DUT/gen_layers[3].mem_inst/wr_data_q[0]. Replicated 4 times.
INFO: [Physopt 32-81] Processed net DUT/gen_layers[3].mem_inst/wr_data_q[26]. Replicated 5 times.
INFO: [Physopt 32-81] Processed net DUT/gen_layers[3].mem_inst/wr_data_q[18]. Replicated 5 times.
INFO: [Physopt 32-81] Processed net DUT/gen_layers[3].mem_inst/wr_data_q[31]. Replicated 5 times.
INFO: [Physopt 32-81] Processed net DUT/gen_layers[3].mem_inst/wr_data_q[34]. Replicated 3 times.
INFO: [Physopt 32-81] Processed net DUT/gen_layers[3].mem_inst/wr_data_q[53]. Replicated 6 times.
INFO: [Physopt 32-81] Processed net DUT/gen_layers[3].mem_inst/wr_data_q[5]. Replicated 5 times.
INFO: [Physopt 32-81] Processed net DUT/gen_layers[3].mem_inst/wr_data_q[16]. Replicated 6 times.
INFO: [Physopt 32-81] Processed net DUT/gen_layers[3].mem_inst/wr_data_q[8]. Replicated 5 times.
INFO: [Physopt 32-81] Processed net DUT/gen_layers[3].mem_inst/wr_data_q[4]. Replicated 5 times.
INFO: [Physopt 32-81] Processed net DUT/gen_layers[3].mem_inst/wr_data_q[28]. Replicated 5 times.
INFO: [Physopt 32-81] Processed net DUT/gen_layers[3].mem_inst/wr_data_q[57]. Replicated 7 times.
INFO: [Physopt 32-81] Processed net DUT/gen_layers[3].mem_inst/wr_data_q[15]. Replicated 6 times.
INFO: [Physopt 32-81] Processed net DUT/gen_layers[3].mem_inst/wr_data_q[11]. Replicated 5 times.
INFO: [Physopt 32-81] Processed net DUT/gen_layers[3].mem_inst/wr_data_q[60]. Replicated 6 times.
INFO: [Physopt 32-81] Processed net DUT/gen_layers[3].mem_inst/wr_data_q[13]. Replicated 5 times.
INFO: [Physopt 32-81] Processed net DUT/gen_layers[3].mem_inst/wr_data_q[3]. Replicated 5 times.
INFO: [Physopt 32-81] Processed net DUT/gen_layers[3].mem_inst/wr_data_q[12]. Replicated 5 times.
INFO: [Physopt 32-81] Processed net DUT/gen_layers[3].mem_inst/wr_data_q[17]. Replicated 6 times.
INFO: [Physopt 32-81] Processed net DUT/gen_layers[3].mem_inst/wr_data_q[25]. Replicated 5 times.
INFO: [Physopt 32-81] Processed net DUT/gen_layers[3].mem_inst/wr_data_q[14]. Replicated 6 times.
INFO: [Physopt 32-81] Processed net DUT/gen_layers[3].mem_inst/wr_data_q[6]. Replicated 5 times.
INFO: [Physopt 32-81] Processed net DUT/gen_layers[3].mem_inst/wr_data_q[29]. Replicated 5 times.
INFO: [Physopt 32-81] Processed net DUT/gen_layers[3].mem_inst/wr_data_q[27]. Replicated 5 times.
INFO: [Physopt 32-81] Processed net DUT/gen_layers[3].mem_inst/wr_data_q[19]. Replicated 5 times.
INFO: [Physopt 32-81] Processed net DUT/gen_layers[3].mem_inst/wr_data_q[61]. Replicated 6 times.
INFO: [Physopt 32-81] Processed net DUT/gen_layers[3].mem_inst/wr_data_q[48]. Replicated 5 times.
INFO: [Physopt 32-81] Processed net DUT/gen_layers[3].mem_inst/wr_data_q[39]. Replicated 5 times.
INFO: [Physopt 32-81] Processed net DUT/gen_layers[3].mem_inst/wr_data_q[49]. Replicated 7 times.
INFO: [Physopt 32-81] Processed net DUT/gen_layers[3].mem_inst/wr_data_q[52]. Replicated 6 times.
INFO: [Physopt 32-81] Processed net DUT/gen_layers[3].mem_inst/wr_data_q[23]. Replicated 5 times.
INFO: [Physopt 32-81] Processed net DUT/gen_layers[3].mem_inst/wr_data_q[55]. Replicated 6 times.
INFO: [Physopt 32-81] Processed net DUT/gen_layers[3].mem_inst/wr_data_q[9]. Replicated 5 times.
INFO: [Physopt 32-81] Processed net DUT/gen_layers[3].mem_inst/wr_data_q[63]. Replicated 4 times.
INFO: [Physopt 32-81] Processed net DUT/gen_layers[3].mem_inst/wr_data_q[22]. Replicated 4 times.
INFO: [Physopt 32-81] Processed net DUT/gen_layers[3].mem_inst/wr_data_q[58]. Replicated 6 times.
INFO: [Physopt 32-81] Processed net DUT/gen_layers[3].mem_inst/wr_data_q[42]. Replicated 5 times.
INFO: [Physopt 32-81] Processed net DUT/gen_layers[3].mem_inst/wr_data_q[7]. Replicated 5 times.
INFO: [Physopt 32-81] Processed net DUT/gen_layers[3].mem_inst/wr_data_q[20]. Replicated 5 times.
INFO: [Physopt 32-81] Processed net DUT/gen_layers[3].mem_inst/wr_data_q[59]. Replicated 7 times.
INFO: [Physopt 32-81] Processed net DUT/gen_layers[3].mem_inst/wr_data_q[50]. Replicated 6 times.
INFO: [Physopt 32-81] Processed net DUT/gen_layers[3].mem_inst/wr_data_q[44]. Replicated 6 times.
INFO: [Physopt 32-81] Processed net DUT/gen_layers[3].mem_inst/wr_data_q[43]. Replicated 6 times.
INFO: [Physopt 32-81] Processed net DUT/gen_layers[3].mem_inst/wr_data_q[45]. Replicated 6 times.
INFO: [Physopt 32-81] Processed net DUT/gen_layers[3].mem_inst/wr_data_q[35]. Replicated 5 times.
INFO: [Physopt 32-81] Processed net DUT/gen_layers[3].mem_inst/wr_data_q[24]. Replicated 5 times.
INFO: [Physopt 32-81] Processed net DUT/gen_layers[3].mem_inst/wr_data_q[33]. Replicated 4 times.
INFO: [Physopt 32-81] Processed net DUT/gen_layers[3].mem_inst/wr_data_q[40]. Replicated 5 times.
INFO: [Physopt 32-81] Processed net DUT/gen_layers[3].mem_inst/wr_addr_q[2]. Replicated 9 times.
INFO: [Physopt 32-81] Processed net DUT/gen_layers[3].mem_inst/wr_addr_q[1]. Replicated 9 times.
INFO: [Physopt 32-81] Processed net DUT/gen_layers[3].mem_inst/wr_addr_q[0]. Replicated 9 times.
INFO: [Physopt 32-81] Processed net DUT/gen_layers[3].mem_inst/wr_data_q[54]. Replicated 6 times.
INFO: [Physopt 32-81] Processed net DUT/gen_layers[3].mem_inst/wr_data_q[36]. Replicated 6 times.
INFO: [Physopt 32-81] Processed net DUT/gen_layers[3].mem_inst/wr_data_q[38]. Replicated 6 times.
INFO: [Physopt 32-81] Processed net DUT/gen_layers[3].mem_inst/wr_addr_q_reg[6]_rep__3_0[0]. Replicated 9 times.
INFO: [Physopt 32-81] Processed net DUT/gen_layers[3].mem_inst/wr_addr_q_reg[6]_rep__3_0[1]. Replicated 9 times.
INFO: [Physopt 32-81] Processed net DUT/gen_layers[3].mem_inst/wr_addr_q_reg[6]_rep__2_0[6]. Replicated 2 times.
INFO: [Physopt 32-81] Processed net DUT/gen_layers[3].mem_inst/wr_addr_q_reg[6]_rep__3_0[2]. Replicated 9 times.
INFO: [Physopt 32-81] Processed net DUT/gen_layers[3].mem_inst/wr_addr_q[6]. Replicated 1 times.
INFO: [Physopt 32-81] Processed net DUT/gen_layers[3].mem_inst/wr_addr_q_reg[6]_0[2]. Replicated 1 times.
INFO: [Physopt 32-81] Processed net DUT/gen_layers[3].mem_inst/wr_addr_q_reg[6]_0[1]. Replicated 1 times.
INFO: [Physopt 32-81] Processed net DUT/gen_layers[3].mem_inst/wr_addr_q_reg[6]_0[0]. Replicated 1 times.
INFO: [Physopt 32-232] Optimized 78 nets. Created 418 new instances.
INFO: [Physopt 32-775] End 1 Pass. Optimized 78 nets or cells. Created 418 new cells, deleted 0 existing cell and moved 0 existing cell
Netlist sorting complete. Time (s): cpu = 00:00:00.04 ; elapsed = 00:00:00.04 . Memory (MB): peak = 7371.711 ; gain = 0.000 ; free physical = 11361 ; free virtual = 49127
INFO: [Physopt 32-46] Identified 2 candidate nets for critical-cell optimization.
INFO: [Physopt 32-81] Processed net DUT/gen_layers[3].mem_inst/wr_addr_q_reg[10]_0. Replicated 2 times.
INFO: [Physopt 32-81] Processed net DUT/gen_layers[3].mem_inst/wr_addr_q_reg[11]_0. Replicated 2 times.
INFO: [Physopt 32-232] Optimized 2 nets. Created 4 new instances.
INFO: [Physopt 32-775] End 1 Pass. Optimized 2 nets or cells. Created 4 new cells, deleted 0 existing cell and moved 0 existing cell
Netlist sorting complete. Time (s): cpu = 00:00:00.04 ; elapsed = 00:00:00.04 . Memory (MB): peak = 7371.711 ; gain = 0.000 ; free physical = 11394 ; free virtual = 49161
INFO: [Physopt 32-456] No candidate cells for DSP register optimization found in the design.
INFO: [Physopt 32-775] End 2 Pass. Optimized 0 net or cell. Created 0 new cell, deleted 0 existing cell and moved 0 existing cell
INFO: [Physopt 32-1123] No candidate cells found for Shift Register to Pipeline optimization
INFO: [Physopt 32-775] End 1 Pass. Optimized 0 net or cell. Created 0 new cell, deleted 0 existing cell and moved 0 existing cell
INFO: [Physopt 32-677] No candidate cells for Shift Register optimization found in the design
INFO: [Physopt 32-775] End 1 Pass. Optimized 0 net or cell. Created 0 new cell, deleted 0 existing cell and moved 0 existing cell
INFO: [Physopt 32-527] Pass 1: Identified 16 candidate cells for BRAM register optimization
INFO: [Physopt 32-665] Processed cell DUT/gen_layers[2].mem_inst/gen_weight_ports[1].mem_weights_lo_reg_bram_0. 36 registers were pushed out.
INFO: [Physopt 32-665] Processed cell DUT/gen_layers[2].mem_inst/gen_weight_ports[0].mem_weights_lo_reg_bram_0. 36 registers were pushed out.
INFO: [Physopt 32-665] Processed cell DUT/gen_layers[2].mem_inst/gen_weight_ports[1].mem_weights_lo_reg_bram_1. 28 registers were pushed out.
INFO: [Physopt 32-665] Processed cell DUT/gen_layers[2].mem_inst/gen_weight_ports[7].mem_weights_lo_reg_bram_1. 28 registers were pushed out.
INFO: [Physopt 32-665] Processed cell DUT/gen_layers[2].mem_inst/gen_weight_ports[0].mem_weights_lo_reg_bram_1. 28 registers were pushed out.
INFO: [Physopt 32-665] Processed cell DUT/gen_layers[2].mem_inst/gen_weight_ports[2].mem_weights_lo_reg_bram_0. 36 registers were pushed out.
INFO: [Physopt 32-665] Processed cell DUT/gen_layers[2].mem_inst/gen_weight_ports[2].mem_weights_lo_reg_bram_1. 28 registers were pushed out.
INFO: [Physopt 32-665] Processed cell DUT/gen_layers[2].mem_inst/gen_weight_ports[4].mem_weights_lo_reg_bram_0. 36 registers were pushed out.
INFO: [Physopt 32-665] Processed cell DUT/gen_layers[2].mem_inst/gen_weight_ports[4].mem_weights_lo_reg_bram_1. 28 registers were pushed out.
INFO: [Physopt 32-665] Processed cell DUT/gen_layers[2].mem_inst/gen_weight_ports[3].mem_weights_lo_reg_bram_1. 28 registers were pushed out.
INFO: [Physopt 32-665] Processed cell DUT/gen_layers[2].mem_inst/gen_weight_ports[6].mem_weights_lo_reg_bram_1. 28 registers were pushed out.
INFO: [Physopt 32-665] Processed cell DUT/gen_layers[2].mem_inst/gen_weight_ports[5].mem_weights_lo_reg_bram_1. 28 registers were pushed out.
INFO: [Physopt 32-665] Processed cell DUT/gen_layers[2].mem_inst/gen_weight_ports[3].mem_weights_lo_reg_bram_0. 36 registers were pushed out.
INFO: [Physopt 32-665] Processed cell DUT/gen_layers[2].mem_inst/gen_weight_ports[6].mem_weights_lo_reg_bram_0. 36 registers were pushed out.
INFO: [Physopt 32-665] Processed cell DUT/gen_layers[2].mem_inst/gen_weight_ports[7].mem_weights_lo_reg_bram_0. 36 registers were pushed out.
INFO: [Physopt 32-665] Processed cell DUT/gen_layers[2].mem_inst/gen_weight_ports[5].mem_weights_lo_reg_bram_0. 36 registers were pushed out.
INFO: [Physopt 32-775] End 1 Pass. Optimized 16 nets or cells. Created 512 new cells, deleted 0 existing cell and moved 0 existing cell
Netlist sorting complete. Time (s): cpu = 00:00:00.04 ; elapsed = 00:00:00.04 . Memory (MB): peak = 7371.711 ; gain = 0.000 ; free physical = 11384 ; free virtual = 49151
INFO: [Physopt 32-846] No candidate cells for URAM register optimization found in the design
INFO: [Physopt 32-775] End 2 Pass. Optimized 0 net or cell. Created 0 new cell, deleted 0 existing cell and moved 0 existing cell
INFO: [Physopt 32-949] No candidate nets found for dynamic/static region interface net replication
INFO: [Physopt 32-775] End 1 Pass. Optimized 0 net or cell. Created 0 new cell, deleted 0 existing cell and moved 0 existing cell
Netlist sorting complete. Time (s): cpu = 00:00:00 ; elapsed = 00:00:00 . Memory (MB): peak = 7371.711 ; gain = 0.000 ; free physical = 11372 ; free virtual = 49140

Summary of Physical Synthesis Optimizations
============================================


-----------------------------------------------------------------------------------------------------------------------------------------------------------
|  Optimization                                     |  Added Cells  |  Removed Cells  |  Optimized Cells/Nets  |  Dont Touch  |  Iterations  |  Elapsed   |
-----------------------------------------------------------------------------------------------------------------------------------------------------------
|  LUT Combining                                    |          165  |              9  |                   174  |           0  |           1  |  00:00:00  |
|  Retime                                           |            0  |              0  |                     0  |           0  |           1  |  00:00:00  |
|  Equivalent Driver Rewiring                       |            0  |              0  |                    16  |           0  |           1  |  00:00:01  |
|  Very High Fanout                                 |            0  |              0  |                     0  |           0  |           1  |  00:00:00  |
|  Fanout                                           |          418  |              0  |                    78  |           0  |           1  |  00:00:05  |
|  Critical Cell                                    |            4  |              0  |                     2  |           0  |           1  |  00:00:00  |
|  DSP Register                                     |            0  |              0  |                     0  |           0  |           1  |  00:00:00  |
|  Shift Register to Pipeline                       |            0  |              0  |                     0  |           0  |           1  |  00:00:00  |
|  Shift Register                                   |            0  |              0  |                     0  |           0  |           1  |  00:00:00  |
|  BRAM Register                                    |          512  |              0  |                    16  |           0  |           1  |  00:00:07  |
|  URAM Register                                    |            0  |              0  |                     0  |           0  |           1  |  00:00:00  |
|  Dynamic/Static Region Interface Net Replication  |            0  |              0  |                     0  |           0  |           1  |  00:00:00  |
|  Total                                            |         1099  |              9  |                   286  |           0  |          12  |  00:00:13  |
-----------------------------------------------------------------------------------------------------------------------------------------------------------


Phase 2.5.1 Physical Synthesis In Placer | Checksum: 26235fb37

Time (s): cpu = 00:05:32 ; elapsed = 00:03:45 . Memory (MB): peak = 7371.711 ; gain = 2102.594 ; free physical = 11360 ; free virtual = 49136
Phase 2.5 Global Placement Core | Checksum: 249078453

Time (s): cpu = 00:06:01 ; elapsed = 00:04:10 . Memory (MB): peak = 7371.711 ; gain = 2102.594 ; free physical = 11154 ; free virtual = 48977
Phase 2 Global Placement | Checksum: 249078453

Time (s): cpu = 00:06:01 ; elapsed = 00:04:10 . Memory (MB): peak = 7371.711 ; gain = 2102.594 ; free physical = 11175 ; free virtual = 48998

Phase 3 Detail Placement

Phase 3.1 Commit Multi Column Macros
Phase 3.1 Commit Multi Column Macros | Checksum: 1e4f878a3

Time (s): cpu = 00:06:15 ; elapsed = 00:04:22 . Memory (MB): peak = 7371.711 ; gain = 2102.594 ; free physical = 10813 ; free virtual = 48686

Phase 3.2 Commit Most Macros & LUTRAMs
Phase 3.2 Commit Most Macros & LUTRAMs | Checksum: 210c5dae4

Time (s): cpu = 00:06:20 ; elapsed = 00:04:25 . Memory (MB): peak = 7371.711 ; gain = 2102.594 ; free physical = 10755 ; free virtual = 48615

Phase 3.3 Small Shape DP

Phase 3.3.1 Small Shape Clustering
Phase 3.3.1 Small Shape Clustering | Checksum: 1d423b30d

Time (s): cpu = 00:06:30 ; elapsed = 00:04:32 . Memory (MB): peak = 7371.711 ; gain = 2102.594 ; free physical = 10679 ; free virtual = 48511

Phase 3.3.2 Flow Legalize Slice Clusters
Phase 3.3.2 Flow Legalize Slice Clusters | Checksum: 19f4299d6

Time (s): cpu = 00:06:30 ; elapsed = 00:04:33 . Memory (MB): peak = 7371.711 ; gain = 2102.594 ; free physical = 10654 ; free virtual = 48487

Phase 3.3.3 Slice Area Swap
Phase 3.3.3 Slice Area Swap | Checksum: 1f05b35ed

Time (s): cpu = 00:06:35 ; elapsed = 00:04:37 . Memory (MB): peak = 7371.711 ; gain = 2102.594 ; free physical = 10483 ; free virtual = 48343
Phase 3.3 Small Shape DP | Checksum: 19fffa674

Time (s): cpu = 00:06:39 ; elapsed = 00:04:39 . Memory (MB): peak = 7371.711 ; gain = 2102.594 ; free physical = 10644 ; free virtual = 48500

Phase 3.4 Re-assign LUT pins
Phase 3.4 Re-assign LUT pins | Checksum: 1a6bee466

Time (s): cpu = 00:06:39 ; elapsed = 00:04:40 . Memory (MB): peak = 7371.711 ; gain = 2102.594 ; free physical = 10613 ; free virtual = 48472

Phase 3.5 Pipeline Register Optimization
Phase 3.5 Pipeline Register Optimization | Checksum: 1ab0e02bc

Time (s): cpu = 00:06:40 ; elapsed = 00:04:40 . Memory (MB): peak = 7371.711 ; gain = 2102.594 ; free physical = 10619 ; free virtual = 48477

Phase 3.6 Fast Optimization
Phase 3.6 Fast Optimization | Checksum: 134a820f8

Time (s): cpu = 00:07:02 ; elapsed = 00:04:56 . Memory (MB): peak = 7371.711 ; gain = 2102.594 ; free physical = 10605 ; free virtual = 48445
Phase 3 Detail Placement | Checksum: 134a820f8

Time (s): cpu = 00:07:02 ; elapsed = 00:04:56 . Memory (MB): peak = 7371.711 ; gain = 2102.594 ; free physical = 10595 ; free virtual = 48434

Phase 4 Post Placement Optimization and Clean-Up

Phase 4.1 Post Commit Optimization
INFO: [Timing 38-35] Done setting XDC timing constraints.

Phase 4.1.1 Post Placement Optimization
Post Placement Optimization Initialization | Checksum: 10d3b0586

Phase 4.1.1.1 BUFG Insertion

Starting Physical Synthesis Task

Phase 1 Physical Synthesis Initialization
INFO: [Physopt 32-721] Multithreading enabled for phys_opt_design using a maximum of 8 CPUs
INFO: [Physopt 32-619] Estimated Timing Summary | WNS=-1.358 | TNS=-7263.271 |
Phase 1 Physical Synthesis Initialization | Checksum: 1ae41b6c0

Time (s): cpu = 00:00:01 ; elapsed = 00:00:00.41 . Memory (MB): peak = 7371.711 ; gain = 0.000 ; free physical = 10360 ; free virtual = 48233
INFO: [Place 46-56] BUFG insertion identified 0 candidate nets. Inserted BUFG: 0, Replicated BUFG Driver: 0, Skipped due to Placement/Routing Conflicts: 0, Skipped due to Timing Degradation: 0, Skipped due to Illegal Netlist: 0.
Ending Physical Synthesis Task | Checksum: 1b3a16d69

Time (s): cpu = 00:00:01 ; elapsed = 00:00:00.54 . Memory (MB): peak = 7371.711 ; gain = 0.000 ; free physical = 10427 ; free virtual = 48285
Phase 4.1.1.1 BUFG Insertion | Checksum: 10d3b0586

Time (s): cpu = 00:07:32 ; elapsed = 00:05:18 . Memory (MB): peak = 7371.711 ; gain = 2102.594 ; free physical = 10431 ; free virtual = 48288

Phase 4.1.1.2 BUFG Replication
INFO: [Place 46-63] BUFG replication identified 0 candidate nets: Replicated nets: 0, Replicated BUFGs: 0, Replicated BUFG Driver: 0, Skipped due to Placement / Routing Conflict: 0, Skipped due to Timing: 0, Skipped due to constraints: 0
Phase 4.1.1.2 BUFG Replication | Checksum: 10d3b0586

Time (s): cpu = 00:07:32 ; elapsed = 00:05:18 . Memory (MB): peak = 7371.711 ; gain = 2102.594 ; free physical = 10439 ; free virtual = 48297

Phase 4.1.1.3 Post Placement Timing Optimization
INFO: [Place 30-746] Post Placement Timing Summary WNS=-1.330. For the most accurate timing information please run report_timing.
Phase 4.1.1.3 Post Placement Timing Optimization | Checksum: ecaee707

Time (s): cpu = 00:08:14 ; elapsed = 00:06:00 . Memory (MB): peak = 7371.711 ; gain = 2102.594 ; free physical = 10828 ; free virtual = 48593

Phase 4.1.1.4 Replication
INFO: [Place 46-19] Post Replication Timing Summary WNS=-1.330. For the most accurate timing information please run report_timing.
Phase 4.1.1.4 Replication | Checksum: ecaee707

Time (s): cpu = 00:08:14 ; elapsed = 00:06:00 . Memory (MB): peak = 7371.711 ; gain = 2102.594 ; free physical = 11161 ; free virtual = 48921

Time (s): cpu = 00:08:14 ; elapsed = 00:06:00 . Memory (MB): peak = 7371.711 ; gain = 2102.594 ; free physical = 11148 ; free virtual = 48908
Phase 4.1 Post Commit Optimization | Checksum: ecaee707

Time (s): cpu = 00:08:14 ; elapsed = 00:06:00 . Memory (MB): peak = 7371.711 ; gain = 2102.594 ; free physical = 11131 ; free virtual = 48890
Netlist sorting complete. Time (s): cpu = 00:00:00 ; elapsed = 00:00:00.01 . Memory (MB): peak = 7393.391 ; gain = 0.000 ; free physical = 11123 ; free virtual = 48890

Phase 4.2 Post Placement Cleanup
Phase 4.2 Post Placement Cleanup | Checksum: 1be405e54

Time (s): cpu = 00:08:57 ; elapsed = 00:06:41 . Memory (MB): peak = 7393.391 ; gain = 2124.273 ; free physical = 11196 ; free virtual = 48963

Phase 4.3 Placer Reporting

Phase 4.3.1 Print Estimated Congestion
INFO: [Place 30-612] Post-Placement Estimated Congestion 
 ________________________________________________________________________
|           | Global Congestion | Long Congestion   | Short Congestion  |
| Direction | Region Size       | Region Size       | Region Size       |
|___________|___________________|___________________|___________________|
|      North|                4x4|                2x2|                4x4|
|___________|___________________|___________________|___________________|
|      South|                1x1|                2x2|                8x8|
|___________|___________________|___________________|___________________|
|       East|                1x1|                1x1|                8x8|
|___________|___________________|___________________|___________________|
|       West|                1x1|                1x1|                8x8|
|___________|___________________|___________________|___________________|

Phase 4.3.1 Print Estimated Congestion | Checksum: 1be405e54

Time (s): cpu = 00:08:57 ; elapsed = 00:06:41 . Memory (MB): peak = 7393.391 ; gain = 2124.273 ; free physical = 11196 ; free virtual = 48963
Phase 4.3 Placer Reporting | Checksum: 1be405e54

Time (s): cpu = 00:08:57 ; elapsed = 00:06:42 . Memory (MB): peak = 7393.391 ; gain = 2124.273 ; free physical = 11196 ; free virtual = 48963

Phase 4.4 Final Placement Cleanup
Netlist sorting complete. Time (s): cpu = 00:00:00.01 ; elapsed = 00:00:00 . Memory (MB): peak = 7393.391 ; gain = 0.000 ; free physical = 11196 ; free virtual = 48963

Time (s): cpu = 00:08:57 ; elapsed = 00:06:42 . Memory (MB): peak = 7393.391 ; gain = 2124.273 ; free physical = 11196 ; free virtual = 48963
Phase 4 Post Placement Optimization and Clean-Up | Checksum: 172241089

Time (s): cpu = 00:08:57 ; elapsed = 00:06:42 . Memory (MB): peak = 7393.391 ; gain = 2124.273 ; free physical = 11196 ; free virtual = 48963
Ending Placer Task | Checksum: 10a7180ed

Time (s): cpu = 00:08:57 ; elapsed = 00:06:42 . Memory (MB): peak = 7393.391 ; gain = 2124.273 ; free physical = 11195 ; free virtual = 48963
INFO: [Common 17-83] Releasing license: Implementation
141 Infos, 0 Warnings, 0 Critical Warnings and 0 Errors encountered.
place_design completed successfully
place_design: Time (s): cpu = 00:09:34 ; elapsed = 00:07:18 . Memory (MB): peak = 7393.391 ; gain = 3359.262 ; free physical = 12051 ; free virtual = 49818
# write_checkpoint -force "$out_dir/post_place.dcp"
INFO: [Timing 38-480] Writing timing data to binary archive.
Writing placer database...
Writing XDEF routing.
Writing XDEF routing logical nets.
Writing XDEF routing special nets.
Write XDEF Complete: Time (s): cpu = 00:00:03 ; elapsed = 00:00:01 . Memory (MB): peak = 7393.391 ; gain = 0.000 ; free physical = 12018 ; free virtual = 49809
INFO: [Common 17-1381] The checkpoint '/home/UFAD/ymahmud/bnn_fcc_contest/post_syn/outputs/post_place.dcp' has been generated.
# report_utilization -file "$out_dir/post_place_util.rpt"
# report_timing_summary -file "$out_dir/post_place_timing_summary.rpt"
INFO: [Timing 38-91] UpdateTimingParams: Speed grade: -2L, Temperature grade: E, Delay Type: min_max.
INFO: [Timing 38-191] Multithreading enabled for timing update using a maximum of 8 CPUs
# route_design
Command: route_design
Attempting to get a license for feature 'Implementation' and/or device 'xcu250'
INFO: [Common 17-349] Got license for feature 'Implementation' and/or device 'xcu250'
Running DRC as a precondition to command route_design
INFO: [DRC 23-27] Running DRC with 8 threads
INFO: [Vivado_Tcl 4-198] DRC finished with 0 Errors
INFO: [Vivado_Tcl 4-199] Please refer to the DRC report (report_drc) for more information.


Starting Routing Task
INFO: [Route 35-254] Multithreading enabled for route_design using a maximum of 8 CPUs

Phase 1 Build RT Design
Checksum: PlaceDB: 254510ca ConstDB: 0 ShapeSum: 139af8d6 RouteDB: d191774d
Nodegraph reading from file.  Time (s): cpu = 00:00:02 ; elapsed = 00:00:02 . Memory (MB): peak = 7393.391 ; gain = 0.000 ; free physical = 11509 ; free virtual = 49330
WARNING: [Route 35-198] Port "rst" does not have an associated HD.PARTPIN_LOCS, which will prevent the partial routing of the signal "rst". Without this partial route, timing analysis to/from this port will not be accurate, and no routing information for this port can be exported.
WARNING: [Route 35-198] Port "config_keep[1]" does not have an associated HD.PARTPIN_LOCS, which will prevent the partial routing of the signal "config_keep[1]". Without this partial route, timing analysis to/from this port will not be accurate, and no routing information for this port can be exported.
WARNING: [Route 35-198] Port "config_data[53]" does not have an associated HD.PARTPIN_LOCS, which will prevent the partial routing of the signal "config_data[53]". Without this partial route, timing analysis to/from this port will not be accurate, and no routing information for this port can be exported.
WARNING: [Route 35-198] Port "config_keep[7]" does not have an associated HD.PARTPIN_LOCS, which will prevent the partial routing of the signal "config_keep[7]". Without this partial route, timing analysis to/from this port will not be accurate, and no routing information for this port can be exported.
WARNING: [Route 35-198] Port "config_data[41]" does not have an associated HD.PARTPIN_LOCS, which will prevent the partial routing of the signal "config_data[41]". Without this partial route, timing analysis to/from this port will not be accurate, and no routing information for this port can be exported.
WARNING: [Route 35-198] Port "config_data[34]" does not have an associated HD.PARTPIN_LOCS, which will prevent the partial routing of the signal "config_data[34]". Without this partial route, timing analysis to/from this port will not be accurate, and no routing information for this port can be exported.
WARNING: [Route 35-198] Port "config_data[42]" does not have an associated HD.PARTPIN_LOCS, which will prevent the partial routing of the signal "config_data[42]". Without this partial route, timing analysis to/from this port will not be accurate, and no routing information for this port can be exported.
WARNING: [Route 35-198] Port "config_keep[4]" does not have an associated HD.PARTPIN_LOCS, which will prevent the partial routing of the signal "config_keep[4]". Without this partial route, timing analysis to/from this port will not be accurate, and no routing information for this port can be exported.
WARNING: [Route 35-198] Port "config_data[59]" does not have an associated HD.PARTPIN_LOCS, which will prevent the partial routing of the signal "config_data[59]". Without this partial route, timing analysis to/from this port will not be accurate, and no routing information for this port can be exported.
WARNING: [Route 35-198] Port "config_keep[5]" does not have an associated HD.PARTPIN_LOCS, which will prevent the partial routing of the signal "config_keep[5]". Without this partial route, timing analysis to/from this port will not be accurate, and no routing information for this port can be exported.
WARNING: [Route 35-198] Port "config_data[36]" does not have an associated HD.PARTPIN_LOCS, which will prevent the partial routing of the signal "config_data[36]". Without this partial route, timing analysis to/from this port will not be accurate, and no routing information for this port can be exported.
WARNING: [Route 35-198] Port "config_data[63]" does not have an associated HD.PARTPIN_LOCS, which will prevent the partial routing of the signal "config_data[63]". Without this partial route, timing analysis to/from this port will not be accurate, and no routing information for this port can be exported.
WARNING: [Route 35-198] Port "config_data[43]" does not have an associated HD.PARTPIN_LOCS, which will prevent the partial routing of the signal "config_data[43]". Without this partial route, timing analysis to/from this port will not be accurate, and no routing information for this port can be exported.
WARNING: [Route 35-198] Port "config_data[51]" does not have an associated HD.PARTPIN_LOCS, which will prevent the partial routing of the signal "config_data[51]". Without this partial route, timing analysis to/from this port will not be accurate, and no routing information for this port can be exported.
WARNING: [Route 35-198] Port "config_data[47]" does not have an associated HD.PARTPIN_LOCS, which will prevent the partial routing of the signal "config_data[47]". Without this partial route, timing analysis to/from this port will not be accurate, and no routing information for this port can be exported.
WARNING: [Route 35-198] Port "config_data[52]" does not have an associated HD.PARTPIN_LOCS, which will prevent the partial routing of the signal "config_data[52]". Without this partial route, timing analysis to/from this port will not be accurate, and no routing information for this port can be exported.
WARNING: [Route 35-198] Port "config_data[56]" does not have an associated HD.PARTPIN_LOCS, which will prevent the partial routing of the signal "config_data[56]". Without this partial route, timing analysis to/from this port will not be accurate, and no routing information for this port can be exported.
WARNING: [Route 35-198] Port "config_data[33]" does not have an associated HD.PARTPIN_LOCS, which will prevent the partial routing of the signal "config_data[33]". Without this partial route, timing analysis to/from this port will not be accurate, and no routing information for this port can be exported.
WARNING: [Route 35-198] Port "config_data[54]" does not have an associated HD.PARTPIN_LOCS, which will prevent the partial routing of the signal "config_data[54]". Without this partial route, timing analysis to/from this port will not be accurate, and no routing information for this port can be exported.
WARNING: [Route 35-198] Port "config_data[32]" does not have an associated HD.PARTPIN_LOCS, which will prevent the partial routing of the signal "config_data[32]". Without this partial route, timing analysis to/from this port will not be accurate, and no routing information for this port can be exported.
WARNING: [Route 35-198] Port "config_data[45]" does not have an associated HD.PARTPIN_LOCS, which will prevent the partial routing of the signal "config_data[45]". Without this partial route, timing analysis to/from this port will not be accurate, and no routing information for this port can be exported.
WARNING: [Route 35-198] Port "config_data[49]" does not have an associated HD.PARTPIN_LOCS, which will prevent the partial routing of the signal "config_data[49]". Without this partial route, timing analysis to/from this port will not be accurate, and no routing information for this port can be exported.
WARNING: [Route 35-198] Port "config_data[58]" does not have an associated HD.PARTPIN_LOCS, which will prevent the partial routing of the signal "config_data[58]". Without this partial route, timing analysis to/from this port will not be accurate, and no routing information for this port can be exported.
WARNING: [Route 35-198] Port "config_keep[0]" does not have an associated HD.PARTPIN_LOCS, which will prevent the partial routing of the signal "config_keep[0]". Without this partial route, timing analysis to/from this port will not be accurate, and no routing information for this port can be exported.
WARNING: [Route 35-198] Port "config_data[30]" does not have an associated HD.PARTPIN_LOCS, which will prevent the partial routing of the signal "config_data[30]". Without this partial route, timing analysis to/from this port will not be accurate, and no routing information for this port can be exported.
WARNING: [Route 35-198] Port "config_data[37]" does not have an associated HD.PARTPIN_LOCS, which will prevent the partial routing of the signal "config_data[37]". Without this partial route, timing analysis to/from this port will not be accurate, and no routing information for this port can be exported.
WARNING: [Route 35-198] Port "config_data[27]" does not have an associated HD.PARTPIN_LOCS, which will prevent the partial routing of the signal "config_data[27]". Without this partial route, timing analysis to/from this port will not be accurate, and no routing information for this port can be exported.
WARNING: [Route 35-198] Port "config_data[31]" does not have an associated HD.PARTPIN_LOCS, which will prevent the partial routing of the signal "config_data[31]". Without this partial route, timing analysis to/from this port will not be accurate, and no routing information for this port can be exported.
WARNING: [Route 35-198] Port "config_data[44]" does not have an associated HD.PARTPIN_LOCS, which will prevent the partial routing of the signal "config_data[44]". Without this partial route, timing analysis to/from this port will not be accurate, and no routing information for this port can be exported.
WARNING: [Route 35-198] Port "config_keep[2]" does not have an associated HD.PARTPIN_LOCS, which will prevent the partial routing of the signal "config_keep[2]". Without this partial route, timing analysis to/from this port will not be accurate, and no routing information for this port can be exported.
WARNING: [Route 35-198] Port "config_data[6]" does not have an associated HD.PARTPIN_LOCS, which will prevent the partial routing of the signal "config_data[6]". Without this partial route, timing analysis to/from this port will not be accurate, and no routing information for this port can be exported.
WARNING: [Route 35-198] Port "config_keep[3]" does not have an associated HD.PARTPIN_LOCS, which will prevent the partial routing of the signal "config_keep[3]". Without this partial route, timing analysis to/from this port will not be accurate, and no routing information for this port can be exported.
WARNING: [Route 35-198] Port "config_data[38]" does not have an associated HD.PARTPIN_LOCS, which will prevent the partial routing of the signal "config_data[38]". Without this partial route, timing analysis to/from this port will not be accurate, and no routing information for this port can be exported.
WARNING: [Route 35-198] Port "config_data[40]" does not have an associated HD.PARTPIN_LOCS, which will prevent the partial routing of the signal "config_data[40]". Without this partial route, timing analysis to/from this port will not be accurate, and no routing information for this port can be exported.
WARNING: [Route 35-198] Port "config_data[21]" does not have an associated HD.PARTPIN_LOCS, which will prevent the partial routing of the signal "config_data[21]". Without this partial route, timing analysis to/from this port will not be accurate, and no routing information for this port can be exported.
WARNING: [Route 35-198] Port "config_data[48]" does not have an associated HD.PARTPIN_LOCS, which will prevent the partial routing of the signal "config_data[48]". Without this partial route, timing analysis to/from this port will not be accurate, and no routing information for this port can be exported.
WARNING: [Route 35-198] Port "config_data[35]" does not have an associated HD.PARTPIN_LOCS, which will prevent the partial routing of the signal "config_data[35]". Without this partial route, timing analysis to/from this port will not be accurate, and no routing information for this port can be exported.
WARNING: [Route 35-198] Port "config_data[17]" does not have an associated HD.PARTPIN_LOCS, which will prevent the partial routing of the signal "config_data[17]". Without this partial route, timing analysis to/from this port will not be accurate, and no routing information for this port can be exported.
WARNING: [Route 35-198] Port "config_data[39]" does not have an associated HD.PARTPIN_LOCS, which will prevent the partial routing of the signal "config_data[39]". Without this partial route, timing analysis to/from this port will not be accurate, and no routing information for this port can be exported.
WARNING: [Route 35-198] Port "config_data[29]" does not have an associated HD.PARTPIN_LOCS, which will prevent the partial routing of the signal "config_data[29]". Without this partial route, timing analysis to/from this port will not be accurate, and no routing information for this port can be exported.
WARNING: [Route 35-198] Port "config_data[46]" does not have an associated HD.PARTPIN_LOCS, which will prevent the partial routing of the signal "config_data[46]". Without this partial route, timing analysis to/from this port will not be accurate, and no routing information for this port can be exported.
WARNING: [Route 35-198] Port "config_data[18]" does not have an associated HD.PARTPIN_LOCS, which will prevent the partial routing of the signal "config_data[18]". Without this partial route, timing analysis to/from this port will not be accurate, and no routing information for this port can be exported.
WARNING: [Route 35-198] Port "config_data[4]" does not have an associated HD.PARTPIN_LOCS, which will prevent the partial routing of the signal "config_data[4]". Without this partial route, timing analysis to/from this port will not be accurate, and no routing information for this port can be exported.
WARNING: [Route 35-198] Port "config_data[60]" does not have an associated HD.PARTPIN_LOCS, which will prevent the partial routing of the signal "config_data[60]". Without this partial route, timing analysis to/from this port will not be accurate, and no routing information for this port can be exported.
WARNING: [Route 35-198] Port "config_data[20]" does not have an associated HD.PARTPIN_LOCS, which will prevent the partial routing of the signal "config_data[20]". Without this partial route, timing analysis to/from this port will not be accurate, and no routing information for this port can be exported.
WARNING: [Route 35-198] Port "config_data[55]" does not have an associated HD.PARTPIN_LOCS, which will prevent the partial routing of the signal "config_data[55]". Without this partial route, timing analysis to/from this port will not be accurate, and no routing information for this port can be exported.
WARNING: [Route 35-198] Port "config_data[62]" does not have an associated HD.PARTPIN_LOCS, which will prevent the partial routing of the signal "config_data[62]". Without this partial route, timing analysis to/from this port will not be accurate, and no routing information for this port can be exported.
WARNING: [Route 35-198] Port "config_data[26]" does not have an associated HD.PARTPIN_LOCS, which will prevent the partial routing of the signal "config_data[26]". Without this partial route, timing analysis to/from this port will not be accurate, and no routing information for this port can be exported.
WARNING: [Route 35-198] Port "config_data[28]" does not have an associated HD.PARTPIN_LOCS, which will prevent the partial routing of the signal "config_data[28]". Without this partial route, timing analysis to/from this port will not be accurate, and no routing information for this port can be exported.
WARNING: [Route 35-198] Port "config_data[5]" does not have an associated HD.PARTPIN_LOCS, which will prevent the partial routing of the signal "config_data[5]". Without this partial route, timing analysis to/from this port will not be accurate, and no routing information for this port can be exported.
WARNING: [Route 35-198] Port "config_data[3]" does not have an associated HD.PARTPIN_LOCS, which will prevent the partial routing of the signal "config_data[3]". Without this partial route, timing analysis to/from this port will not be accurate, and no routing information for this port can be exported.
WARNING: [Route 35-198] Port "config_data[16]" does not have an associated HD.PARTPIN_LOCS, which will prevent the partial routing of the signal "config_data[16]". Without this partial route, timing analysis to/from this port will not be accurate, and no routing information for this port can be exported.
WARNING: [Route 35-198] Port "config_data[24]" does not have an associated HD.PARTPIN_LOCS, which will prevent the partial routing of the signal "config_data[24]". Without this partial route, timing analysis to/from this port will not be accurate, and no routing information for this port can be exported.
WARNING: [Route 35-198] Port "config_data[13]" does not have an associated HD.PARTPIN_LOCS, which will prevent the partial routing of the signal "config_data[13]". Without this partial route, timing analysis to/from this port will not be accurate, and no routing information for this port can be exported.
WARNING: [Route 35-198] Port "config_data[50]" does not have an associated HD.PARTPIN_LOCS, which will prevent the partial routing of the signal "config_data[50]". Without this partial route, timing analysis to/from this port will not be accurate, and no routing information for this port can be exported.
WARNING: [Route 35-198] Port "config_data[10]" does not have an associated HD.PARTPIN_LOCS, which will prevent the partial routing of the signal "config_data[10]". Without this partial route, timing analysis to/from this port will not be accurate, and no routing information for this port can be exported.
WARNING: [Route 35-198] Port "config_data[15]" does not have an associated HD.PARTPIN_LOCS, which will prevent the partial routing of the signal "config_data[15]". Without this partial route, timing analysis to/from this port will not be accurate, and no routing information for this port can be exported.
WARNING: [Route 35-198] Port "config_data[19]" does not have an associated HD.PARTPIN_LOCS, which will prevent the partial routing of the signal "config_data[19]". Without this partial route, timing analysis to/from this port will not be accurate, and no routing information for this port can be exported.
WARNING: [Route 35-198] Port "config_data[8]" does not have an associated HD.PARTPIN_LOCS, which will prevent the partial routing of the signal "config_data[8]". Without this partial route, timing analysis to/from this port will not be accurate, and no routing information for this port can be exported.
WARNING: [Route 35-198] Port "config_data[14]" does not have an associated HD.PARTPIN_LOCS, which will prevent the partial routing of the signal "config_data[14]". Without this partial route, timing analysis to/from this port will not be accurate, and no routing information for this port can be exported.
WARNING: [Route 35-198] Port "config_data[11]" does not have an associated HD.PARTPIN_LOCS, which will prevent the partial routing of the signal "config_data[11]". Without this partial route, timing analysis to/from this port will not be accurate, and no routing information for this port can be exported.
WARNING: [Route 35-198] Port "config_data[61]" does not have an associated HD.PARTPIN_LOCS, which will prevent the partial routing of the signal "config_data[61]". Without this partial route, timing analysis to/from this port will not be accurate, and no routing information for this port can be exported.
WARNING: [Route 35-198] Port "config_data[0]" does not have an associated HD.PARTPIN_LOCS, which will prevent the partial routing of the signal "config_data[0]". Without this partial route, timing analysis to/from this port will not be accurate, and no routing information for this port can be exported.
WARNING: [Route 35-198] Port "config_data[1]" does not have an associated HD.PARTPIN_LOCS, which will prevent the partial routing of the signal "config_data[1]". Without this partial route, timing analysis to/from this port will not be accurate, and no routing information for this port can be exported.
WARNING: [Route 35-198] Port "config_data[23]" does not have an associated HD.PARTPIN_LOCS, which will prevent the partial routing of the signal "config_data[23]". Without this partial route, timing analysis to/from this port will not be accurate, and no routing information for this port can be exported.
WARNING: [Route 35-198] Port "config_data[25]" does not have an associated HD.PARTPIN_LOCS, which will prevent the partial routing of the signal "config_data[25]". Without this partial route, timing analysis to/from this port will not be accurate, and no routing information for this port can be exported.
WARNING: [Route 35-198] Port "config_data[9]" does not have an associated HD.PARTPIN_LOCS, which will prevent the partial routing of the signal "config_data[9]". Without this partial route, timing analysis to/from this port will not be accurate, and no routing information for this port can be exported.
WARNING: [Route 35-198] Port "config_data[22]" does not have an associated HD.PARTPIN_LOCS, which will prevent the partial routing of the signal "config_data[22]". Without this partial route, timing analysis to/from this port will not be accurate, and no routing information for this port can be exported.
WARNING: [Route 35-198] Port "data_out_ready" does not have an associated HD.PARTPIN_LOCS, which will prevent the partial routing of the signal "data_out_ready". Without this partial route, timing analysis to/from this port will not be accurate, and no routing information for this port can be exported.
WARNING: [Route 35-198] Port "config_data[7]" does not have an associated HD.PARTPIN_LOCS, which will prevent the partial routing of the signal "config_data[7]". Without this partial route, timing analysis to/from this port will not be accurate, and no routing information for this port can be exported.
WARNING: [Route 35-198] Port "config_data[12]" does not have an associated HD.PARTPIN_LOCS, which will prevent the partial routing of the signal "config_data[12]". Without this partial route, timing analysis to/from this port will not be accurate, and no routing information for this port can be exported.
WARNING: [Route 35-198] Port "config_data[2]" does not have an associated HD.PARTPIN_LOCS, which will prevent the partial routing of the signal "config_data[2]". Without this partial route, timing analysis to/from this port will not be accurate, and no routing information for this port can be exported.
WARNING: [Route 35-198] Port "config_data[57]" does not have an associated HD.PARTPIN_LOCS, which will prevent the partial routing of the signal "config_data[57]". Without this partial route, timing analysis to/from this port will not be accurate, and no routing information for this port can be exported.
WARNING: [Route 35-198] Port "data_in_valid" does not have an associated HD.PARTPIN_LOCS, which will prevent the partial routing of the signal "data_in_valid". Without this partial route, timing analysis to/from this port will not be accurate, and no routing information for this port can be exported.
WARNING: [Route 35-198] Port "data_in_last" does not have an associated HD.PARTPIN_LOCS, which will prevent the partial routing of the signal "data_in_last". Without this partial route, timing analysis to/from this port will not be accurate, and no routing information for this port can be exported.
WARNING: [Route 35-198] Port "config_keep[6]" does not have an associated HD.PARTPIN_LOCS, which will prevent the partial routing of the signal "config_keep[6]". Without this partial route, timing analysis to/from this port will not be accurate, and no routing information for this port can be exported.
WARNING: [Route 35-198] Port "config_last" does not have an associated HD.PARTPIN_LOCS, which will prevent the partial routing of the signal "config_last". Without this partial route, timing analysis to/from this port will not be accurate, and no routing information for this port can be exported.
WARNING: [Route 35-198] Port "config_valid" does not have an associated HD.PARTPIN_LOCS, which will prevent the partial routing of the signal "config_valid". Without this partial route, timing analysis to/from this port will not be accurate, and no routing information for this port can be exported.
WARNING: [Route 35-198] Port "data_in_data[15]" does not have an associated HD.PARTPIN_LOCS, which will prevent the partial routing of the signal "data_in_data[15]". Without this partial route, timing analysis to/from this port will not be accurate, and no routing information for this port can be exported.
WARNING: [Route 35-198] Port "data_in_data[23]" does not have an associated HD.PARTPIN_LOCS, which will prevent the partial routing of the signal "data_in_data[23]". Without this partial route, timing analysis to/from this port will not be accurate, and no routing information for this port can be exported.
WARNING: [Route 35-198] Port "data_in_data[31]" does not have an associated HD.PARTPIN_LOCS, which will prevent the partial routing of the signal "data_in_data[31]". Without this partial route, timing analysis to/from this port will not be accurate, and no routing information for this port can be exported.
WARNING: [Route 35-198] Port "data_in_data[39]" does not have an associated HD.PARTPIN_LOCS, which will prevent the partial routing of the signal "data_in_data[39]". Without this partial route, timing analysis to/from this port will not be accurate, and no routing information for this port can be exported.
WARNING: [Route 35-198] Port "data_in_data[47]" does not have an associated HD.PARTPIN_LOCS, which will prevent the partial routing of the signal "data_in_data[47]". Without this partial route, timing analysis to/from this port will not be accurate, and no routing information for this port can be exported.
WARNING: [Route 35-198] Port "data_in_data[55]" does not have an associated HD.PARTPIN_LOCS, which will prevent the partial routing of the signal "data_in_data[55]". Without this partial route, timing analysis to/from this port will not be accurate, and no routing information for this port can be exported.
WARNING: [Route 35-198] Port "data_in_data[63]" does not have an associated HD.PARTPIN_LOCS, which will prevent the partial routing of the signal "data_in_data[63]". Without this partial route, timing analysis to/from this port will not be accurate, and no routing information for this port can be exported.
WARNING: [Route 35-198] Port "data_in_data[7]" does not have an associated HD.PARTPIN_LOCS, which will prevent the partial routing of the signal "data_in_data[7]". Without this partial route, timing analysis to/from this port will not be accurate, and no routing information for this port can be exported.
WARNING: [Route 35-198] Port "data_in_keep[0]" does not have an associated HD.PARTPIN_LOCS, which will prevent the partial routing of the signal "data_in_keep[0]". Without this partial route, timing analysis to/from this port will not be accurate, and no routing information for this port can be exported.
WARNING: [Route 35-198] Port "data_in_keep[1]" does not have an associated HD.PARTPIN_LOCS, which will prevent the partial routing of the signal "data_in_keep[1]". Without this partial route, timing analysis to/from this port will not be accurate, and no routing information for this port can be exported.
WARNING: [Route 35-198] Port "data_in_keep[2]" does not have an associated HD.PARTPIN_LOCS, which will prevent the partial routing of the signal "data_in_keep[2]". Without this partial route, timing analysis to/from this port will not be accurate, and no routing information for this port can be exported.
WARNING: [Route 35-198] Port "data_in_keep[3]" does not have an associated HD.PARTPIN_LOCS, which will prevent the partial routing of the signal "data_in_keep[3]". Without this partial route, timing analysis to/from this port will not be accurate, and no routing information for this port can be exported.
WARNING: [Route 35-198] Port "data_in_keep[4]" does not have an associated HD.PARTPIN_LOCS, which will prevent the partial routing of the signal "data_in_keep[4]". Without this partial route, timing analysis to/from this port will not be accurate, and no routing information for this port can be exported.
WARNING: [Route 35-198] Port "data_in_keep[5]" does not have an associated HD.PARTPIN_LOCS, which will prevent the partial routing of the signal "data_in_keep[5]". Without this partial route, timing analysis to/from this port will not be accurate, and no routing information for this port can be exported.
WARNING: [Route 35-198] Port "data_in_keep[6]" does not have an associated HD.PARTPIN_LOCS, which will prevent the partial routing of the signal "data_in_keep[6]". Without this partial route, timing analysis to/from this port will not be accurate, and no routing information for this port can be exported.
WARNING: [Route 35-198] Port "data_in_keep[7]" does not have an associated HD.PARTPIN_LOCS, which will prevent the partial routing of the signal "data_in_keep[7]". Without this partial route, timing analysis to/from this port will not be accurate, and no routing information for this port can be exported.
Post Restoration Checksum: NetGraph: d8e6d8d5 NumContArr: 725a7c9 Constraints: 0 Timing: 0
Phase 1 Build RT Design | Checksum: e00c809e

Time (s): cpu = 00:00:19 ; elapsed = 00:00:12 . Memory (MB): peak = 7393.391 ; gain = 0.000 ; free physical = 11569 ; free virtual = 49382

Phase 2 Router Initialization

Phase 2.1 Fix Topology Constraints
Phase 2.1 Fix Topology Constraints | Checksum: e00c809e

Time (s): cpu = 00:00:19 ; elapsed = 00:00:13 . Memory (MB): peak = 7393.391 ; gain = 0.000 ; free physical = 11401 ; free virtual = 49214

Phase 2.2 Pre Route Cleanup
Phase 2.2 Pre Route Cleanup | Checksum: e00c809e

Time (s): cpu = 00:00:19 ; elapsed = 00:00:13 . Memory (MB): peak = 7393.391 ; gain = 0.000 ; free physical = 11401 ; free virtual = 49214

Phase 2.3 Global Clock Net Routing
Phase 2.3 Global Clock Net Routing | Checksum: e00c809e

Time (s): cpu = 00:00:27 ; elapsed = 00:00:15 . Memory (MB): peak = 7393.391 ; gain = 0.000 ; free physical = 11473 ; free virtual = 49287

Phase 2.4 Update Timing
Phase 2.4 Update Timing | Checksum: 1094c5f45

Time (s): cpu = 00:00:32 ; elapsed = 00:00:18 . Memory (MB): peak = 7393.391 ; gain = 0.000 ; free physical = 11485 ; free virtual = 49291
INFO: [Route 35-416] Intermediate Timing Summary | WNS=-1.253 | TNS=-5248.383| WHS=-0.071 | THS=-9.921 |


Router Utilization Summary
  Global Vertical Routing Utilization    = 0 %
  Global Horizontal Routing Utilization  = 0 %
  Routable Net Status*
  *Does not include unroutable nets such as driverless and loadless.
  Run report_route_status for detailed report.
  Number of Failed Nets               = 15227
    (Failed Nets is the sum of unrouted and partially routed nets)
  Number of Unrouted Nets             = 10501
  Number of Partially Routed Nets     = 4726
  Number of Node Overlaps             = 0

Phase 2 Router Initialization | Checksum: 1ca79639f

Time (s): cpu = 00:00:49 ; elapsed = 00:00:23 . Memory (MB): peak = 7393.391 ; gain = 0.000 ; free physical = 11470 ; free virtual = 49274

Phase 3 Initial Routing

Phase 3.1 Global Routing

Phase 3.1.1 SLL Assignment
Number SLLs per Column: 1440
Estimated SLL Demand Per Column: 
  SLR [2-3]        0 (  0%)     0 (  0%)     0 (  0%)     0 (  0%)     0 (  0%)     0 (  0%)     0 (  0%)     0 (  0%)     0 (  0%)     0 (  0%)     0 (  0%)     0 (  0%)     0 (  0%)     0 (  0%)     0 (  0%)     0 (  0%)  Demand:     0 Available: 23040 Utilization(%): 0.00
  SLR [1-2]        0 (  0%)     0 (  0%)     0 (  0%)     0 (  0%)     0 (  0%)     0 (  0%)     0 (  0%)     0 (  0%)     0 (  0%)     0 (  0%)     0 (  0%)     0 (  0%)     0 (  0%)     0 (  0%)     0 (  0%)     0 (  0%)  Demand:     0 Available: 23040 Utilization(%): 0.00
  SLR [0-1]        0 (  0%)     0 (  0%)     0 (  0%)     0 (  0%)     0 (  0%)     0 (  0%)     0 (  0%)     0 (  0%)     0 (  0%)     0 (  0%)     0 (  0%)     0 (  0%)     0 (  0%)     0 (  0%)     0 (  0%)     0 (  0%)  Demand:     0 Available: 23040 Utilization(%): 0.00
Phase 3.1.1 SLL Assignment | Checksum: 1ca79639f

Time (s): cpu = 00:00:50 ; elapsed = 00:00:24 . Memory (MB): peak = 7398.410 ; gain = 5.020 ; free physical = 11464 ; free virtual = 49269
Phase 3.1 Global Routing | Checksum: 1ca79639f

Time (s): cpu = 00:00:50 ; elapsed = 00:00:24 . Memory (MB): peak = 7398.410 ; gain = 5.020 ; free physical = 11464 ; free virtual = 49269
Phase 3 Initial Routing | Checksum: 150ff60fa

Time (s): cpu = 00:01:12 ; elapsed = 00:00:31 . Memory (MB): peak = 7398.410 ; gain = 5.020 ; free physical = 11298 ; free virtual = 49114

INFO: [Route 35-449] Initial Estimated Congestion
 ________________________________________________________________________
|           | Global Congestion | Long Congestion   | Short Congestion  |
|           |___________________|___________________|___________________|
| Direction | Size   | % Tiles  | Size   | % Tiles  | Size   | % Tiles  |
|___________|________|__________|________|__________|________|__________|
|      NORTH|     4x4|      0.02|     4x4|      0.04|     4x4|      0.04|
|___________|________|__________|________|__________|________|__________|
|      SOUTH|     8x8|      0.03|   16x16|      0.15|     8x8|      0.03|
|___________|________|__________|________|__________|________|__________|
|       EAST|     1x1|      0.00|     2x2|      0.00|     4x4|      0.02|
|___________|________|__________|________|__________|________|__________|
|       WEST|     2x2|      0.01|     4x4|      0.02|     4x4|      0.04|
|___________|________|__________|________|__________|________|__________|
Congestion Report
LONG Congestion bounded by tiles (Lower Left Tile -> Upper Right Tile):
SOUTH
	INT_X100Y164->INT_X107Y187 (CLEM_X100Y164->CLEL_R_X107Y187)
	INT_X104Y208->INT_X107Y211 (CLEM_X104Y208->CLEL_R_X107Y211)
	INT_X104Y204->INT_X107Y207 (CLEM_X104Y204->CLEL_R_X107Y207)
	INT_X104Y200->INT_X107Y203 (CLEM_X104Y200->CLEL_R_X107Y203)
	INT_X100Y180->INT_X103Y183 (CLEM_X100Y180->DSP_X103Y180)
INFO: [Route 35-580] Design has 1 pins with tight setup and hold constraints.

The top 5 pins with tight setup and hold constraints:

+==============+===============+======================================================================================+
| Launch Clock | Capture Clock | Pin                                                                                  |
+==============+===============+======================================================================================+
| clk          | clk           | DUT/gen_layers[2].mem_inst/gen_weight_ports[6].mem_weights_lo_reg_bram_0/DINADIN[30] |
+--------------+---------------+--------------------------------------------------------------------------------------+

File with complete list of pins: tight_setup_hold_pins.txt


Phase 4 Rip-up And Reroute

Phase 4.1 Global Iteration 0
 Number of Nodes with overlaps = 4135
 Number of Nodes with overlaps = 537
 Number of Nodes with overlaps = 110
 Number of Nodes with overlaps = 50
 Number of Nodes with overlaps = 18
 Number of Nodes with overlaps = 7
 Number of Nodes with overlaps = 3
 Number of Nodes with overlaps = 2
 Number of Nodes with overlaps = 2
 Number of Nodes with overlaps = 2
 Number of Nodes with overlaps = 0
INFO: [Route 35-416] Intermediate Timing Summary | WNS=-1.476 | TNS=-15948.272| WHS=-0.028 | THS=-2.906 |

Phase 4.1 Global Iteration 0 | Checksum: 217ada71a

Time (s): cpu = 00:02:28 ; elapsed = 00:01:10 . Memory (MB): peak = 7398.410 ; gain = 5.020 ; free physical = 11195 ; free virtual = 48923

Phase 4.2 Global Iteration 1
 Number of Nodes with overlaps = 122
 Number of Nodes with overlaps = 20
 Number of Nodes with overlaps = 9
 Number of Nodes with overlaps = 3
 Number of Nodes with overlaps = 0
INFO: [Route 35-416] Intermediate Timing Summary | WNS=-1.304 | TNS=-16006.446| WHS=N/A    | THS=N/A    |

Phase 4.2 Global Iteration 1 | Checksum: 1298a005d

Time (s): cpu = 00:02:41 ; elapsed = 00:01:20 . Memory (MB): peak = 7398.410 ; gain = 5.020 ; free physical = 11205 ; free virtual = 48932

Phase 4.3 Global Iteration 2
 Number of Nodes with overlaps = 51
 Number of Nodes with overlaps = 16
 Number of Nodes with overlaps = 1
 Number of Nodes with overlaps = 0
INFO: [Route 35-416] Intermediate Timing Summary | WNS=-1.288 | TNS=-15980.666| WHS=N/A    | THS=N/A    |

Phase 4.3 Global Iteration 2 | Checksum: 149c938f9

Time (s): cpu = 00:02:52 ; elapsed = 00:01:29 . Memory (MB): peak = 7398.410 ; gain = 5.020 ; free physical = 11178 ; free virtual = 48925

Phase 4.4 Global Iteration 3
 Number of Nodes with overlaps = 82
 Number of Nodes with overlaps = 10
 Number of Nodes with overlaps = 5
 Number of Nodes with overlaps = 1
 Number of Nodes with overlaps = 1
 Number of Nodes with overlaps = 0
INFO: [Route 35-416] Intermediate Timing Summary | WNS=-1.292 | TNS=-16012.862| WHS=N/A    | THS=N/A    |

Phase 4.4 Global Iteration 3 | Checksum: 24e076cb0

Time (s): cpu = 00:03:03 ; elapsed = 00:01:38 . Memory (MB): peak = 7398.410 ; gain = 5.020 ; free physical = 11164 ; free virtual = 48926
Phase 4 Rip-up And Reroute | Checksum: 24e076cb0

Time (s): cpu = 00:03:03 ; elapsed = 00:01:39 . Memory (MB): peak = 7398.410 ; gain = 5.020 ; free physical = 11164 ; free virtual = 48926

Phase 5 Delay and Skew Optimization

Phase 5.1 Delay CleanUp

Phase 5.1.1 Update Timing
Phase 5.1.1 Update Timing | Checksum: 151280a55

Time (s): cpu = 00:03:09 ; elapsed = 00:01:41 . Memory (MB): peak = 7398.410 ; gain = 5.020 ; free physical = 11158 ; free virtual = 48921
INFO: [Route 35-416] Intermediate Timing Summary | WNS=-1.288 | TNS=-15980.666| WHS=0.010  | THS=0.000  |

 Number of Nodes with overlaps = 0
Phase 5.1 Delay CleanUp | Checksum: 1aedd86c9

Time (s): cpu = 00:03:15 ; elapsed = 00:01:44 . Memory (MB): peak = 7398.410 ; gain = 5.020 ; free physical = 11119 ; free virtual = 48884

Phase 5.2 Clock Skew Optimization
Phase 5.2 Clock Skew Optimization | Checksum: 1aedd86c9

Time (s): cpu = 00:03:15 ; elapsed = 00:01:44 . Memory (MB): peak = 7398.410 ; gain = 5.020 ; free physical = 11119 ; free virtual = 48884
Phase 5 Delay and Skew Optimization | Checksum: 1aedd86c9

Time (s): cpu = 00:03:15 ; elapsed = 00:01:44 . Memory (MB): peak = 7398.410 ; gain = 5.020 ; free physical = 11119 ; free virtual = 48884

Phase 6 Post Hold Fix

Phase 6.1 Hold Fix Iter

Phase 6.1.1 Update Timing
Phase 6.1.1 Update Timing | Checksum: 21e1b4575

Time (s): cpu = 00:03:19 ; elapsed = 00:01:46 . Memory (MB): peak = 7398.410 ; gain = 5.020 ; free physical = 11119 ; free virtual = 48885
INFO: [Route 35-416] Intermediate Timing Summary | WNS=-1.288 | TNS=-15981.748| WHS=0.010  | THS=0.000  |

Phase 6.1 Hold Fix Iter | Checksum: 1cbdeeef6

Time (s): cpu = 00:03:19 ; elapsed = 00:01:46 . Memory (MB): peak = 7398.410 ; gain = 5.020 ; free physical = 11119 ; free virtual = 48885
Phase 6 Post Hold Fix | Checksum: 1cbdeeef6

Time (s): cpu = 00:03:19 ; elapsed = 00:01:46 . Memory (MB): peak = 7398.410 ; gain = 5.020 ; free physical = 11119 ; free virtual = 48885

Phase 7 Route finalize

Router Utilization Summary
  Global Vertical Routing Utilization    = 0.319161 %
  Global Horizontal Routing Utilization  = 0.222256 %
  Routable Net Status*
  *Does not include unroutable nets such as driverless and loadless.
  Run report_route_status for detailed report.
  Number of Failed Nets               = 0
    (Failed Nets is the sum of unrouted and partially routed nets)
  Number of Unrouted Nets             = 0
  Number of Partially Routed Nets     = 0
  Number of Node Overlaps             = 0

Congestion Report
North Dir 1x1 Area, Max Cong = 79.8122%, No Congested Regions.
South Dir 1x1 Area, Max Cong = 84.3602%, No Congested Regions.
East Dir 1x1 Area, Max Cong = 65.3846%, No Congested Regions.
West Dir 1x1 Area, Max Cong = 66.3462%, No Congested Regions.

------------------------------
Reporting congestion hotspots
------------------------------
Direction: North
----------------
Congested clusters found at Level 0
Effective congestion level: 0 Aspect Ratio: 1 Sparse Ratio: 0
Direction: South
----------------
Congested clusters found at Level 0
Effective congestion level: 0 Aspect Ratio: 1 Sparse Ratio: 0
Direction: East
----------------
Congested clusters found at Level 0
Effective congestion level: 0 Aspect Ratio: 1 Sparse Ratio: 0
Direction: West
----------------
Congested clusters found at Level 0
Effective congestion level: 0 Aspect Ratio: 1 Sparse Ratio: 0

Phase 7 Route finalize | Checksum: 1575100cd

Time (s): cpu = 00:03:24 ; elapsed = 00:01:47 . Memory (MB): peak = 7398.410 ; gain = 5.020 ; free physical = 11101 ; free virtual = 48867

Phase 8 Verifying routed nets

 Verification completed successfully
Phase 8 Verifying routed nets | Checksum: 1575100cd

Time (s): cpu = 00:03:24 ; elapsed = 00:01:47 . Memory (MB): peak = 7398.410 ; gain = 5.020 ; free physical = 11099 ; free virtual = 48865

Phase 9 Depositing Routes
Phase 9 Depositing Routes | Checksum: 1575100cd

Time (s): cpu = 00:03:25 ; elapsed = 00:01:48 . Memory (MB): peak = 7446.434 ; gain = 53.043 ; free physical = 11102 ; free virtual = 48864
Common:
   
SLR0

Initial Estimated Congestion
 ________________________________________________________________________
|           | Global Congestion | Long Congestion   | Short Congestion  |
|           |___________________|___________________|___________________|
| Direction | Size   | % Tiles  | Size   | % Tiles  | Size   | % Tiles  |
|___________|________|__________|________|__________|________|__________|
|      NORTH|     4x4|      0.08|     4x4|      0.14|     4x4|      0.15|
|___________|________|__________|________|__________|________|__________|
|      SOUTH|     8x8|      0.14|   16x16|      0.61|     8x8|      0.12|
|___________|________|__________|________|__________|________|__________|
|       EAST|     1x1|      0.01|     2x2|      0.02|     4x4|      0.08|
|___________|________|__________|________|__________|________|__________|
|       WEST|     2x2|      0.05|     4x4|      0.08|     4x4|      0.16|
|___________|________|__________|________|__________|________|__________|

SLR1

Initial Estimated Congestion
 ________________________________________________________________________
|           | Global Congestion | Long Congestion   | Short Congestion  |
|           |___________________|___________________|___________________|
| Direction | Size   | % Tiles  | Size   | % Tiles  | Size   | % Tiles  |
|___________|________|__________|________|__________|________|__________|
|      NORTH|     1x1|      0.00|     1x1|      0.00|     1x1|      0.00|
|___________|________|__________|________|__________|________|__________|
|      SOUTH|     1x1|      0.00|     1x1|      0.00|     1x1|      0.00|
|___________|________|__________|________|__________|________|__________|
|       EAST|     1x1|      0.00|     1x1|      0.00|     1x1|      0.00|
|___________|________|__________|________|__________|________|__________|
|       WEST|     1x1|      0.00|     1x1|      0.00|     1x1|      0.00|
|___________|________|__________|________|__________|________|__________|

SLR2

Initial Estimated Congestion
 ________________________________________________________________________
|           | Global Congestion | Long Congestion   | Short Congestion  |
|           |___________________|___________________|___________________|
| Direction | Size   | % Tiles  | Size   | % Tiles  | Size   | % Tiles  |
|___________|________|__________|________|__________|________|__________|
|      NORTH|     1x1|      0.00|     1x1|      0.00|     1x1|      0.00|
|___________|________|__________|________|__________|________|__________|
|      SOUTH|     1x1|      0.00|     1x1|      0.00|     1x1|      0.00|
|___________|________|__________|________|__________|________|__________|
|       EAST|     1x1|      0.00|     1x1|      0.00|     1x1|      0.00|
|___________|________|__________|________|__________|________|__________|
|       WEST|     1x1|      0.00|     1x1|      0.00|     1x1|      0.00|
|___________|________|__________|________|__________|________|__________|

SLR3

Initial Estimated Congestion
 ________________________________________________________________________
|           | Global Congestion | Long Congestion   | Short Congestion  |
|           |___________________|___________________|___________________|
| Direction | Size   | % Tiles  | Size   | % Tiles  | Size   | % Tiles  |
|___________|________|__________|________|__________|________|__________|
|      NORTH|     1x1|      0.00|     1x1|      0.00|     1x1|      0.00|
|___________|________|__________|________|__________|________|__________|
|      SOUTH|     1x1|      0.00|     1x1|      0.00|     1x1|      0.00|
|___________|________|__________|________|__________|________|__________|
|       EAST|     1x1|      0.00|     1x1|      0.00|     1x1|      0.00|
|___________|________|__________|________|__________|________|__________|
|       WEST|     1x1|      0.00|     1x1|      0.00|     1x1|      0.00|
|___________|________|__________|________|__________|________|__________|



Phase 10 Resolve XTalk
Phase 10 Resolve XTalk | Checksum: 1575100cd

Time (s): cpu = 00:03:25 ; elapsed = 00:01:49 . Memory (MB): peak = 7446.434 ; gain = 53.043 ; free physical = 11115 ; free virtual = 48877

Phase 11 Post Router Timing
INFO: [Route 35-57] Estimated Timing Summary | WNS=-1.288 | TNS=-15981.748| WHS=0.010  | THS=0.000  |

WARNING: [Route 35-328] Router estimated timing not met.
Resolution: For a complete and accurate timing signoff, report_timing_summary must be run after route_design. Alternatively, route_design can be run with the -timing_summary option to enable a complete timing signoff at the end of route_design.
Phase 11 Post Router Timing | Checksum: 1575100cd

Time (s): cpu = 00:03:28 ; elapsed = 00:01:49 . Memory (MB): peak = 7446.434 ; gain = 53.043 ; free physical = 11116 ; free virtual = 48878
Skip laguna hold fix in PhysOpt in Router as non-negative WHS value: 9.53593e-12 .
Time taken to check if laguna hold fix is required (in secs): 0

Phase 12 Physical Synthesis in Router

Phase 12.1 Physical Synthesis Initialization
INFO: [Physopt 32-668] Current Timing Summary | WNS=-1.282 | TNS=-15304.773 | WHS=0.010 | THS=0.000 |
Phase 12.1 Physical Synthesis Initialization | Checksum: 1575100cd

Time (s): cpu = 00:04:11 ; elapsed = 00:02:25 . Memory (MB): peak = 7446.434 ; gain = 53.043 ; free physical = 11085 ; free virtual = 48857
WARNING: [Physopt 32-745] Physical Optimization has determined that the magnitude of the negative slack is too large and it is highly unlikely that slack will be improved. Post-Route Physical Optimization is most effective when WNS is above -0.5ns

Phase 12.2 Critical Path Optimization
INFO: [Physopt 32-668] Current Timing Summary | WNS=-1.282 | TNS=-15304.773 | WHS=0.010 | THS=0.000 |
INFO: [Physopt 32-953] Path group WNS did not improve. Path group: clk. Processed net: DUT/gen_layers[1].comp_inst/gen_np[3].np_inst/popcount_q[6].
INFO: [Physopt 32-953] Path group WNS did not improve. Path group: clk. Processed net: DUT/gen_layers[1].comp_inst/np_x_q[57].
INFO: [Physopt 32-953] Path group WNS did not improve. Path group: clk. Processed net: DUT/gen_layers[1].comp_inst/gen_np[3].np_inst/popcount_q[6]_i_3__10_n_0.
INFO: [Physopt 32-668] Current Timing Summary | WNS=-1.282 | TNS=-15304.773 | WHS=0.010 | THS=0.000 |
Phase 12.2 Critical Path Optimization | Checksum: 19b611d78

Time (s): cpu = 00:04:15 ; elapsed = 00:02:28 . Memory (MB): peak = 7446.434 ; gain = 53.043 ; free physical = 10966 ; free virtual = 48803
Netlist sorting complete. Time (s): cpu = 00:00:00.01 ; elapsed = 00:00:00.01 . Memory (MB): peak = 7446.434 ; gain = 0.000 ; free physical = 10902 ; free virtual = 48748
INFO: [Physopt 32-669] Post Physical Optimization Timing Summary | WNS=-1.282 | TNS=-15304.773 | WHS=0.010 | THS=0.000 |
Phase 12 Physical Synthesis in Router | Checksum: 19b611d78

Time (s): cpu = 00:04:16 ; elapsed = 00:02:29 . Memory (MB): peak = 7446.434 ; gain = 53.043 ; free physical = 10913 ; free virtual = 48760
INFO: [Route 35-16] Router Completed Successfully

Time (s): cpu = 00:04:17 ; elapsed = 00:02:29 . Memory (MB): peak = 7446.434 ; gain = 53.043 ; free physical = 11245 ; free virtual = 49093
INFO: [Common 17-83] Releasing license: Implementation
24 Infos, 96 Warnings, 0 Critical Warnings and 0 Errors encountered.
route_design completed successfully
route_design: Time (s): cpu = 00:04:22 ; elapsed = 00:02:31 . Memory (MB): peak = 7446.434 ; gain = 53.043 ; free physical = 11285 ; free virtual = 49132
# write_checkpoint -force "$out_dir/post_route.dcp"
INFO: [Timing 38-480] Writing timing data to binary archive.
Writing placer database...
Writing XDEF routing.
Writing XDEF routing logical nets.
Writing XDEF routing special nets.
Write XDEF Complete: Time (s): cpu = 00:00:03 ; elapsed = 00:00:02 . Memory (MB): peak = 7446.434 ; gain = 0.000 ; free physical = 11465 ; free virtual = 49335
INFO: [Common 17-1381] The checkpoint '/home/UFAD/ymahmud/bnn_fcc_contest/post_syn/outputs/post_route.dcp' has been generated.
write_checkpoint: Time (s): cpu = 00:00:07 ; elapsed = 00:00:05 . Memory (MB): peak = 7446.434 ; gain = 0.000 ; free physical = 11460 ; free virtual = 49341
# report_route_status -file "$out_dir/post_route_status.rpt"
# report_timing_summary -file "$out_dir/post_route_timing_summary.rpt"
INFO: [Timing 38-91] UpdateTimingParams: Speed grade: -2L, Temperature grade: E, Delay Type: min_max.
INFO: [Timing 38-191] Multithreading enabled for timing update using a maximum of 8 CPUs
# report_power -file "$out_dir/post_route_power.rpt"
Command: report_power -file /home/UFAD/ymahmud/bnn_fcc_contest/post_syn/outputs/post_route_power.rpt
Running Vector-less Activity Propagation...

Finished Running Vector-less Activity Propagation
0 Infos, 0 Warnings, 0 Critical Warnings and 0 Errors encountered.
report_power completed successfully
# report_drc -file "$out_dir/post_imp_drc.rpt"
Command: report_drc -file /home/UFAD/ymahmud/bnn_fcc_contest/post_syn/outputs/post_imp_drc.rpt
INFO: [IP_Flow 19-234] Refreshing IP repositories
INFO: [IP_Flow 19-1704] No user IP repositories specified
INFO: [IP_Flow 19-2313] Loaded Vivado IP repository '/apps/reconfig/tools/Xilinx/Vivado/2021.2/data/ip'.
INFO: [DRC 23-27] Running DRC with 8 threads
INFO: [Vivado_Tcl 2-168] The results of DRC are in file /home/UFAD/ymahmud/bnn_fcc_contest/post_syn/outputs/post_imp_drc.rpt.
report_drc completed successfully
# puts "----------------------------------------"
----------------------------------------
# puts " Done"
 Done
# puts "----------------------------------------"
----------------------------------------
# quit
INFO: [Common 17-206] Exiting Vivado at Mon Apr 13 14:37:35 2026...
