Copyright 1986-2021 Xilinx, Inc. All Rights Reserved.
------------------------------------------------------------------------------------------------------------------------------------
| Tool Version      : Vivado v.2021.2 (lin64) Build 3367213 Tue Oct 19 02:47:39 MDT 2021
| Date              : Mon Apr 13 14:37:27 2026
| Host              : ece-lnx-10 running 64-bit Red Hat Enterprise Linux release 8.10 (Ootpa)
| Command           : report_timing_summary -file /home/UFAD/ymahmud/bnn_fcc_contest/post_syn/outputs/post_route_timing_summary.rpt
| Design            : bnn_fcc_timing
| Device            : xcu250-figd2104
| Speed File        : -2L  PRODUCTION 1.27 02-28-2020
| Temperature Grade : E
------------------------------------------------------------------------------------------------------------------------------------

Timing Summary Report

------------------------------------------------------------------------------------------------
| Timer Settings
| --------------
------------------------------------------------------------------------------------------------

  Enable Multi Corner Analysis               :  Yes
  Enable Pessimism Removal                   :  Yes
  Pessimism Removal Resolution               :  Nearest Common Node
  Enable Input Delay Default Clock           :  No
  Enable Preset / Clear Arcs                 :  No
  Disable Flight Delays                      :  No
  Ignore I/O Paths                           :  No
  Timing Early Launch at Borrowing Latches   :  No
  Borrow Time for Max Delay Exceptions       :  Yes
  Merge Timing Exceptions                    :  Yes

  Corner  Analyze    Analyze    
  Name    Max Paths  Min Paths  
  ------  ---------  ---------  
  Slow    Yes        Yes        
  Fast    Yes        Yes        


------------------------------------------------------------------------------------------------
| Report Methodology
| ------------------
------------------------------------------------------------------------------------------------

No report available as report_methodology has not been run prior. Run report_methodology on the current design for the summary of methodology violations.



check_timing report

Table of Contents
-----------------
1. checking no_clock (0)
2. checking constant_clock (0)
3. checking pulse_width_clock (0)
4. checking unconstrained_internal_endpoints (0)
5. checking no_input_delay (94)
6. checking no_output_delay (9)
7. checking multiple_clock (0)
8. checking generated_clocks (0)
9. checking loops (0)
10. checking partial_input_delay (0)
11. checking partial_output_delay (0)
12. checking latch_loops (0)

1. checking no_clock (0)
------------------------
 There are 0 register/latch pins with no clock.


2. checking constant_clock (0)
------------------------------
 There are 0 register/latch pins with constant_clock.


3. checking pulse_width_clock (0)
---------------------------------
 There are 0 register/latch pins which need pulse_width check


4. checking unconstrained_internal_endpoints (0)
------------------------------------------------
 There are 0 pins that are not constrained for maximum delay.

 There are 0 pins that are not constrained for maximum delay due to constant clock.


5. checking no_input_delay (94)
-------------------------------
 There are 94 input ports with no input delay specified. (HIGH)

 There are 0 input ports with no input delay but user has a false path constraint.


6. checking no_output_delay (9)
-------------------------------
 There are 9 ports with no output delay specified. (HIGH)

 There are 0 ports with no output delay but user has a false path constraint

 There are 0 ports with no output delay but with a timing clock defined on it or propagating through it


7. checking multiple_clock (0)
------------------------------
 There are 0 register/latch pins with multiple clocks.


8. checking generated_clocks (0)
--------------------------------
 There are 0 generated clocks that are not connected to a clock source.


9. checking loops (0)
---------------------
 There are 0 combinational loops in the design.


10. checking partial_input_delay (0)
------------------------------------
 There are 0 input ports with partial input delay specified.


11. checking partial_output_delay (0)
-------------------------------------
 There are 0 ports with partial output delay specified.


12. checking latch_loops (0)
----------------------------
 There are 0 combinational latch loops in the design through latch input



------------------------------------------------------------------------------------------------
| Design Timing Summary
| ---------------------
------------------------------------------------------------------------------------------------

    WNS(ns)      TNS(ns)  TNS Failing Endpoints  TNS Total Endpoints      WHS(ns)      THS(ns)  THS Failing Endpoints  THS Total Endpoints     WPWS(ns)     TPWS(ns)  TPWS Failing Endpoints  TPWS Total Endpoints  
    -------      -------  ---------------------  -------------------      -------      -------  ---------------------  -------------------     --------     --------  ----------------------  --------------------  
     -1.282   -15304.773                  30297                42781        0.010        0.000                      0                42781       -1.000     -207.216                    2834                 11608  


Timing constraints are not met.


------------------------------------------------------------------------------------------------
| Clock Summary
| -------------
------------------------------------------------------------------------------------------------

Clock  Waveform(ns)         Period(ns)      Frequency(MHz)
-----  ------------         ----------      --------------
clk    {0.000 0.500}        1.000           1000.000        


------------------------------------------------------------------------------------------------
| Intra Clock Table
| -----------------
------------------------------------------------------------------------------------------------

Clock             WNS(ns)      TNS(ns)  TNS Failing Endpoints  TNS Total Endpoints      WHS(ns)      THS(ns)  THS Failing Endpoints  THS Total Endpoints     WPWS(ns)     TPWS(ns)  TPWS Failing Endpoints  TPWS Total Endpoints  
-----             -------      -------  ---------------------  -------------------      -------      -------  ---------------------  -------------------     --------     --------  ----------------------  --------------------  
clk                -1.282   -15304.773                  30297                42781        0.010        0.000                      0                42781       -1.000     -207.216                    2834                 11608  


------------------------------------------------------------------------------------------------
| Inter Clock Table
| -----------------
------------------------------------------------------------------------------------------------

From Clock    To Clock          WNS(ns)      TNS(ns)  TNS Failing Endpoints  TNS Total Endpoints      WHS(ns)      THS(ns)  THS Failing Endpoints  THS Total Endpoints  
----------    --------          -------      -------  ---------------------  -------------------      -------      -------  ---------------------  -------------------  


------------------------------------------------------------------------------------------------
| Other Path Groups Table
| -----------------------
------------------------------------------------------------------------------------------------

Path Group    From Clock    To Clock          WNS(ns)      TNS(ns)  TNS Failing Endpoints  TNS Total Endpoints      WHS(ns)      THS(ns)  THS Failing Endpoints  THS Total Endpoints  
----------    ----------    --------          -------      -------  ---------------------  -------------------      -------      -------  ---------------------  -------------------  


------------------------------------------------------------------------------------------------
| Timing Details
| --------------
------------------------------------------------------------------------------------------------


---------------------------------------------------------------------------------------------------
From Clock:  clk
  To Clock:  clk

Setup :        30297  Failing Endpoints,  Worst Slack       -1.282ns,  Total Violation   -15304.773ns
Hold  :            0  Failing Endpoints,  Worst Slack        0.010ns,  Total Violation        0.000ns
PW    :         2834  Failing Endpoints,  Worst Slack       -1.000ns,  Total Violation     -207.216ns
---------------------------------------------------------------------------------------------------


Max Delay Paths
--------------------------------------------------------------------------------------
Slack (VIOLATED) :        -1.282ns  (required time - arrival time)
  Source:                 DUT/gen_layers[1].comp_inst/np_x_q_reg[57]/C
                            (rising edge-triggered cell FDRE clocked by clk  {rise@0.000ns fall@0.500ns period=1.000ns})
  Destination:            DUT/gen_layers[1].comp_inst/gen_np[3].np_inst/popcount_q_reg[6]/D
                            (rising edge-triggered cell FDRE clocked by clk  {rise@0.000ns fall@0.500ns period=1.000ns})
  Path Group:             clk
  Path Type:              Setup (Max at Slow Process Corner)
  Requirement:            1.000ns  (clk rise@1.000ns - clk rise@0.000ns)
  Data Path Delay:        2.199ns  (logic 0.721ns (32.788%)  route 1.478ns (67.212%))
  Logic Levels:           7  (LUT3=1 LUT5=3 LUT6=3)
  Clock Path Skew:        -0.072ns (DCD - SCD + CPR)
    Destination Clock Delay (DCD):    1.943ns = ( 2.943 - 1.000 ) 
    Source Clock Delay      (SCD):    2.188ns
    Clock Pessimism Removal (CPR):    0.173ns
  Clock Uncertainty:      0.035ns  ((TSJ^2 + TIJ^2)^1/2 + DJ) / 2 + PE
    Total System Jitter     (TSJ):    0.071ns
    Total Input Jitter      (TIJ):    0.000ns
    Discrete Jitter          (DJ):    0.000ns
    Phase Error              (PE):    0.000ns

    Location             Delay type                Incr(ns)  Path(ns)    Netlist Resource(s)
  -------------------------------------------------------------------    -------------------
                         (clock clk rise edge)        0.000     0.000 r  
                                                      0.000     0.000 r  clk (IN)
                         net (fo=11607, unset)        2.188     2.188    DUT/gen_layers[1].comp_inst/clk
    SLICE_X158Y145       FDRE                                         r  DUT/gen_layers[1].comp_inst/np_x_q_reg[57]/C
  -------------------------------------------------------------------    -------------------
    SLICE_X158Y145       FDRE (Prop_HFF_SLICEL_C_Q)
                                                      0.079     2.267 r  DUT/gen_layers[1].comp_inst/np_x_q_reg[57]/Q
                         net (fo=16, routed)          0.498     2.765    DUT/gen_layers[1].comp_inst/gen_np[3].np_inst/popcount_q[6]_i_24__10_0[57]
    SLICE_X152Y147       LUT6 (Prop_E6LUT_SLICEM_I4_O)
                                                      0.052     2.817 r  DUT/gen_layers[1].comp_inst/gen_np[3].np_inst/popcount_q[6]_i_48__10/O
                         net (fo=2, routed)           0.207     3.024    DUT/gen_layers[1].comp_inst/gen_np[3].np_inst/popcount_q[6]_i_48__10_n_0
    SLICE_X148Y147       LUT3 (Prop_F6LUT_SLICEL_I0_O)
                                                      0.148     3.172 r  DUT/gen_layers[1].comp_inst/gen_np[3].np_inst/popcount_q[2]_i_34__10/O
                         net (fo=2, routed)           0.270     3.442    DUT/gen_layers[1].comp_inst/gen_np[3].np_inst/popcount_q[2]_i_34__10_n_0
    SLICE_X146Y145       LUT5 (Prop_C6LUT_SLICEM_I3_O)
                                                      0.051     3.493 r  DUT/gen_layers[1].comp_inst/gen_np[3].np_inst/popcount_q[6]_i_38__10/O
                         net (fo=2, routed)           0.104     3.597    DUT/gen_layers[1].comp_inst/gen_np[3].np_inst/popcount_q[6]_i_38__10_n_0
    SLICE_X146Y147       LUT5 (Prop_E6LUT_SLICEM_I3_O)
                                                      0.124     3.721 r  DUT/gen_layers[1].comp_inst/gen_np[3].np_inst/popcount_q[6]_i_12__10/O
                         net (fo=3, routed)           0.187     3.908    DUT/gen_layers[1].comp_inst/gen_np[3].np_inst/popcount_q[6]_i_12__10_n_0
    SLICE_X146Y148       LUT5 (Prop_A6LUT_SLICEM_I3_O)
                                                      0.053     3.961 r  DUT/gen_layers[1].comp_inst/gen_np[3].np_inst/popcount_q[6]_i_18__10/O
                         net (fo=2, routed)           0.048     4.009    DUT/gen_layers[1].comp_inst/gen_np[3].np_inst/popcount_q[6]_i_18__10_n_0
    SLICE_X146Y148       LUT6 (Prop_B6LUT_SLICEM_I4_O)
                                                      0.089     4.098 r  DUT/gen_layers[1].comp_inst/gen_np[3].np_inst/popcount_q[6]_i_3__10/O
                         net (fo=4, routed)           0.111     4.209    DUT/gen_layers[1].comp_inst/gen_np[3].np_inst/popcount_q[6]_i_3__10_n_0
    SLICE_X146Y149       LUT6 (Prop_A6LUT_SLICEM_I1_O)
                                                      0.125     4.334 r  DUT/gen_layers[1].comp_inst/gen_np[3].np_inst/popcount_q[6]_i_1__10/O
                         net (fo=1, routed)           0.053     4.387    DUT/gen_layers[1].comp_inst/gen_np[3].np_inst/p_0_in__0[6]
    SLICE_X146Y149       FDRE                                         r  DUT/gen_layers[1].comp_inst/gen_np[3].np_inst/popcount_q_reg[6]/D
  -------------------------------------------------------------------    -------------------

                         (clock clk rise edge)        1.000     1.000 r  
                                                      0.000     1.000 r  clk (IN)
                         net (fo=11607, unset)        1.943     2.943    DUT/gen_layers[1].comp_inst/gen_np[3].np_inst/clk
    SLICE_X146Y149       FDRE                                         r  DUT/gen_layers[1].comp_inst/gen_np[3].np_inst/popcount_q_reg[6]/C
                         clock pessimism              0.173     3.116    
                         clock uncertainty           -0.035     3.080    
    SLICE_X146Y149       FDRE (Setup_AFF_SLICEM_C_D)
                                                      0.025     3.105    DUT/gen_layers[1].comp_inst/gen_np[3].np_inst/popcount_q_reg[6]
  -------------------------------------------------------------------
                         required time                          3.105    
                         arrival time                          -4.387    
  -------------------------------------------------------------------
                         slack                                 -1.282    





Min Delay Paths
--------------------------------------------------------------------------------------
Slack (MET) :             0.010ns  (arrival time - required time)
  Source:                 DUT/gen_layers[2].comp_inst/gen_np[1].np_inst/threshold_q_reg[4]/C
                            (rising edge-triggered cell FDRE clocked by clk  {rise@0.000ns fall@0.500ns period=1.000ns})
  Destination:            DUT/gen_layers[2].comp_inst/gen_np[1].np_inst/final_threshold_q_reg[4]/D
                            (rising edge-triggered cell FDRE clocked by clk  {rise@0.000ns fall@0.500ns period=1.000ns})
  Path Group:             clk
  Path Type:              Hold (Min at Slow Process Corner)
  Requirement:            0.000ns  (clk rise@0.000ns - clk rise@0.000ns)
  Data Path Delay:        0.130ns  (logic 0.058ns (44.615%)  route 0.072ns (55.385%))
  Logic Levels:           0  
  Clock Path Skew:        0.058ns (DCD - SCD - CPR)
    Destination Clock Delay (DCD):    2.265ns
    Source Clock Delay      (SCD):    1.990ns
    Clock Pessimism Removal (CPR):    0.217ns

    Location             Delay type                Incr(ns)  Path(ns)    Netlist Resource(s)
  -------------------------------------------------------------------    -------------------
                         (clock clk rise edge)        0.000     0.000 r  
                                                      0.000     0.000 r  clk (IN)
                         net (fo=11607, unset)        1.990     1.990    DUT/gen_layers[2].comp_inst/gen_np[1].np_inst/clk
    SLICE_X148Y201       FDRE                                         r  DUT/gen_layers[2].comp_inst/gen_np[1].np_inst/threshold_q_reg[4]/C
  -------------------------------------------------------------------    -------------------
    SLICE_X148Y201       FDRE (Prop_HFF_SLICEL_C_Q)
                                                      0.058     2.048 r  DUT/gen_layers[2].comp_inst/gen_np[1].np_inst/threshold_q_reg[4]/Q
                         net (fo=1, routed)           0.072     2.120    DUT/gen_layers[2].comp_inst/gen_np[1].np_inst/threshold_q[4]
    SLICE_X148Y202       FDRE                                         r  DUT/gen_layers[2].comp_inst/gen_np[1].np_inst/final_threshold_q_reg[4]/D
  -------------------------------------------------------------------    -------------------

                         (clock clk rise edge)        0.000     0.000 r  
                                                      0.000     0.000 r  clk (IN)
                         net (fo=11607, unset)        2.265     2.265    DUT/gen_layers[2].comp_inst/gen_np[1].np_inst/clk
    SLICE_X148Y202       FDRE                                         r  DUT/gen_layers[2].comp_inst/gen_np[1].np_inst/final_threshold_q_reg[4]/C
                         clock pessimism             -0.217     2.048    
    SLICE_X148Y202       FDRE (Hold_EFF2_SLICEL_C_D)
                                                      0.062     2.110    DUT/gen_layers[2].comp_inst/gen_np[1].np_inst/final_threshold_q_reg[4]
  -------------------------------------------------------------------
                         required time                         -2.110    
                         arrival time                           2.120    
  -------------------------------------------------------------------
                         slack                                  0.010    





Pulse Width Checks
--------------------------------------------------------------------------------------
Clock Name:         clk
Waveform(ns):       { 0.000 0.500 }
Period(ns):         1.000
Sources:            { clk }

Check Type        Corner  Lib Pin      Reference Pin  Required(ns)  Actual(ns)  Slack(ns)  Location       Pin
Min Period        n/a     URAM288/CLK  n/a            2.000         1.000       -1.000     URAM288_X3Y41  DUT/gen_layers[1].mem_inst/gen_weight_ports[0].mem_weights_lo_reg_uram_0/CLK
Low Pulse Width   Slow    URAM288/CLK  n/a            0.700         0.500       -0.200     URAM288_X3Y41  DUT/gen_layers[1].mem_inst/gen_weight_ports[0].mem_weights_lo_reg_uram_0/CLK
High Pulse Width  Slow    URAM288/CLK  n/a            0.700         0.500       -0.200     URAM288_X3Y41  DUT/gen_layers[1].mem_inst/gen_weight_ports[0].mem_weights_lo_reg_uram_0/CLK



