Copyright 1986-2021 Xilinx, Inc. All Rights Reserved.
------------------------------------------------------------------------------------------------------------------------------------
| Tool Version      : Vivado v.2021.2 (lin64) Build 3367213 Tue Oct 19 02:47:39 MDT 2021
| Date              : Mon Apr 13 14:34:49 2026
| Host              : ece-lnx-10 running 64-bit Red Hat Enterprise Linux release 8.10 (Ootpa)
| Command           : report_timing_summary -file /home/UFAD/ymahmud/bnn_fcc_contest/post_syn/outputs/post_place_timing_summary.rpt
| Design            : bnn_fcc_timing
| Device            : xcu250-figd2104
| Speed File        : -2L  PRODUCTION 1.27 02-28-2020
| Temperature Grade : E
------------------------------------------------------------------------------------------------------------------------------------

Timing Summary Report

------------------------------------------------------------------------------------------------
| Timer Settings
| --------------
------------------------------------------------------------------------------------------------

  Enable Multi Corner Analysis               :  Yes
  Enable Pessimism Removal                   :  Yes
  Pessimism Removal Resolution               :  Nearest Common Node
  Enable Input Delay Default Clock           :  No
  Enable Preset / Clear Arcs                 :  No
  Disable Flight Delays                      :  No
  Ignore I/O Paths                           :  No
  Timing Early Launch at Borrowing Latches   :  No
  Borrow Time for Max Delay Exceptions       :  Yes
  Merge Timing Exceptions                    :  Yes

  Corner  Analyze    Analyze    
  Name    Max Paths  Min Paths  
  ------  ---------  ---------  
  Slow    Yes        Yes        
  Fast    Yes        Yes        


------------------------------------------------------------------------------------------------
| Report Methodology
| ------------------
------------------------------------------------------------------------------------------------

No report available as report_methodology has not been run prior. Run report_methodology on the current design for the summary of methodology violations.



check_timing report

Table of Contents
-----------------
1. checking no_clock (0)
2. checking constant_clock (0)
3. checking pulse_width_clock (0)
4. checking unconstrained_internal_endpoints (0)
5. checking no_input_delay (94)
6. checking no_output_delay (9)
7. checking multiple_clock (0)
8. checking generated_clocks (0)
9. checking loops (0)
10. checking partial_input_delay (0)
11. checking partial_output_delay (0)
12. checking latch_loops (0)

1. checking no_clock (0)
------------------------
 There are 0 register/latch pins with no clock.


2. checking constant_clock (0)
------------------------------
 There are 0 register/latch pins with constant_clock.


3. checking pulse_width_clock (0)
---------------------------------
 There are 0 register/latch pins which need pulse_width check


4. checking unconstrained_internal_endpoints (0)
------------------------------------------------
 There are 0 pins that are not constrained for maximum delay.

 There are 0 pins that are not constrained for maximum delay due to constant clock.


5. checking no_input_delay (94)
-------------------------------
 There are 94 input ports with no input delay specified. (HIGH)

 There are 0 input ports with no input delay but user has a false path constraint.


6. checking no_output_delay (9)
-------------------------------
 There are 9 ports with no output delay specified. (HIGH)

 There are 0 ports with no output delay but user has a false path constraint

 There are 0 ports with no output delay but with a timing clock defined on it or propagating through it


7. checking multiple_clock (0)
------------------------------
 There are 0 register/latch pins with multiple clocks.


8. checking generated_clocks (0)
--------------------------------
 There are 0 generated clocks that are not connected to a clock source.


9. checking loops (0)
---------------------
 There are 0 combinational loops in the design.


10. checking partial_input_delay (0)
------------------------------------
 There are 0 input ports with partial input delay specified.


11. checking partial_output_delay (0)
-------------------------------------
 There are 0 ports with partial output delay specified.


12. checking latch_loops (0)
----------------------------
 There are 0 combinational latch loops in the design through latch input



------------------------------------------------------------------------------------------------
| Design Timing Summary
| ---------------------
------------------------------------------------------------------------------------------------

    WNS(ns)      TNS(ns)  TNS Failing Endpoints  TNS Total Endpoints      WHS(ns)      THS(ns)  THS Failing Endpoints  THS Total Endpoints     WPWS(ns)     TPWS(ns)  TPWS Failing Endpoints  TPWS Total Endpoints  
    -------      -------  ---------------------  -------------------      -------      -------  ---------------------  -------------------     --------     --------  ----------------------  --------------------  
     -1.255    -7123.618                  16016                42781       -0.110       -8.371                    329                42781       -1.000     -207.216                    2834                 11608  


Timing constraints are not met.


------------------------------------------------------------------------------------------------
| Clock Summary
| -------------
------------------------------------------------------------------------------------------------

Clock  Waveform(ns)         Period(ns)      Frequency(MHz)
-----  ------------         ----------      --------------
clk    {0.000 0.500}        1.000           1000.000        


------------------------------------------------------------------------------------------------
| Intra Clock Table
| -----------------
------------------------------------------------------------------------------------------------

Clock             WNS(ns)      TNS(ns)  TNS Failing Endpoints  TNS Total Endpoints      WHS(ns)      THS(ns)  THS Failing Endpoints  THS Total Endpoints     WPWS(ns)     TPWS(ns)  TPWS Failing Endpoints  TPWS Total Endpoints  
-----             -------      -------  ---------------------  -------------------      -------      -------  ---------------------  -------------------     --------     --------  ----------------------  --------------------  
clk                -1.255    -7123.618                  16016                42781       -0.110       -8.371                    329                42781       -1.000     -207.216                    2834                 11608  


------------------------------------------------------------------------------------------------
| Inter Clock Table
| -----------------
------------------------------------------------------------------------------------------------

From Clock    To Clock          WNS(ns)      TNS(ns)  TNS Failing Endpoints  TNS Total Endpoints      WHS(ns)      THS(ns)  THS Failing Endpoints  THS Total Endpoints  
----------    --------          -------      -------  ---------------------  -------------------      -------      -------  ---------------------  -------------------  


------------------------------------------------------------------------------------------------
| Other Path Groups Table
| -----------------------
------------------------------------------------------------------------------------------------

Path Group    From Clock    To Clock          WNS(ns)      TNS(ns)  TNS Failing Endpoints  TNS Total Endpoints      WHS(ns)      THS(ns)  THS Failing Endpoints  THS Total Endpoints  
----------    ----------    --------          -------      -------  ---------------------  -------------------      -------      -------  ---------------------  -------------------  


------------------------------------------------------------------------------------------------
| Timing Details
| --------------
------------------------------------------------------------------------------------------------


---------------------------------------------------------------------------------------------------
From Clock:  clk
  To Clock:  clk

Setup :        16016  Failing Endpoints,  Worst Slack       -1.255ns,  Total Violation    -7123.618ns
Hold  :          329  Failing Endpoints,  Worst Slack       -0.110ns,  Total Violation       -8.371ns
PW    :         2834  Failing Endpoints,  Worst Slack       -1.000ns,  Total Violation     -207.216ns
---------------------------------------------------------------------------------------------------


Max Delay Paths
--------------------------------------------------------------------------------------
Slack (VIOLATED) :        -1.255ns  (required time - arrival time)
  Source:                 DUT/gen_layers[2].comp_inst/np_x_q_reg[58]/C
                            (rising edge-triggered cell FDRE clocked by clk  {rise@0.000ns fall@0.500ns period=1.000ns})
  Destination:            DUT/gen_layers[2].comp_inst/gen_np[0].np_inst/popcount_q_reg[6]/D
                            (rising edge-triggered cell FDRE clocked by clk  {rise@0.000ns fall@0.500ns period=1.000ns})
  Path Group:             clk
  Path Type:              Setup (Max at Slow Process Corner)
  Requirement:            1.000ns  (clk rise@1.000ns - clk rise@0.000ns)
  Data Path Delay:        2.067ns  (logic 0.560ns (27.092%)  route 1.507ns (72.908%))
  Logic Levels:           7  (LUT3=1 LUT5=3 LUT6=3)
  Clock Path Skew:        -0.178ns (DCD - SCD + CPR)
    Destination Clock Delay (DCD):    1.955ns = ( 2.955 - 1.000 ) 
    Source Clock Delay      (SCD):    2.245ns
    Clock Pessimism Removal (CPR):    0.112ns
  Clock Uncertainty:      0.035ns  ((TSJ^2 + TIJ^2)^1/2 + DJ) / 2 + PE
    Total System Jitter     (TSJ):    0.071ns
    Total Input Jitter      (TIJ):    0.000ns
    Discrete Jitter          (DJ):    0.000ns
    Phase Error              (PE):    0.000ns

    Location             Delay type                Incr(ns)  Path(ns)    Netlist Resource(s)
  -------------------------------------------------------------------    -------------------
                         (clock clk rise edge)        0.000     0.000 r  
                                                      0.000     0.000 r  clk (IN)
                         net (fo=11607, unset)        2.245     2.245    DUT/gen_layers[2].comp_inst/clk
    SLICE_X147Y114       FDRE                                         r  DUT/gen_layers[2].comp_inst/np_x_q_reg[58]/C
  -------------------------------------------------------------------    -------------------
    SLICE_X147Y114       FDRE (Prop_DFF_SLICEL_C_Q)
                                                      0.079     2.324 r  DUT/gen_layers[2].comp_inst/np_x_q_reg[58]/Q
                         net (fo=16, estimated)       0.512     2.836    DUT/gen_layers[2].comp_inst/gen_np[0].np_inst/Q[58]
    SLICE_X144Y135       LUT6 (Prop_G6LUT_SLICEL_I0_O)
                                                      0.149     2.985 r  DUT/gen_layers[2].comp_inst/gen_np[0].np_inst/popcount_q[6]_i_47/O
                         net (fo=2, estimated)        0.142     3.127    DUT/gen_layers[2].comp_inst/gen_np[0].np_inst/popcount_q[6]_i_47_n_0
    SLICE_X145Y135       LUT3 (Prop_C6LUT_SLICEM_I2_O)
                                                      0.037     3.164 r  DUT/gen_layers[2].comp_inst/gen_np[0].np_inst/popcount_q[2]_i_34/O
                         net (fo=2, estimated)        0.241     3.405    DUT/gen_layers[2].comp_inst/gen_np[0].np_inst/popcount_q[2]_i_34_n_0
    SLICE_X146Y137       LUT5 (Prop_E6LUT_SLICEM_I3_O)
                                                      0.052     3.457 r  DUT/gen_layers[2].comp_inst/gen_np[0].np_inst/popcount_q[6]_i_38/O
                         net (fo=2, estimated)        0.135     3.592    DUT/gen_layers[2].comp_inst/gen_np[0].np_inst/popcount_q[6]_i_38_n_0
    SLICE_X146Y138       LUT5 (Prop_D6LUT_SLICEM_I3_O)
                                                      0.051     3.643 r  DUT/gen_layers[2].comp_inst/gen_np[0].np_inst/popcount_q[6]_i_12/O
                         net (fo=3, estimated)        0.097     3.740    DUT/gen_layers[2].comp_inst/gen_np[0].np_inst/popcount_q[6]_i_12_n_0
    SLICE_X146Y138       LUT5 (Prop_C6LUT_SLICEM_I3_O)
                                                      0.051     3.791 r  DUT/gen_layers[2].comp_inst/gen_np[0].np_inst/popcount_q[6]_i_18/O
                         net (fo=2, estimated)        0.149     3.940    DUT/gen_layers[2].comp_inst/gen_np[0].np_inst/popcount_q[6]_i_18_n_0
    SLICE_X146Y138       LUT6 (Prop_H6LUT_SLICEM_I4_O)
                                                      0.053     3.993 r  DUT/gen_layers[2].comp_inst/gen_np[0].np_inst/popcount_q[6]_i_3/O
                         net (fo=4, estimated)        0.159     4.152    DUT/gen_layers[2].comp_inst/gen_np[0].np_inst/popcount_q[6]_i_3_n_0
    SLICE_X146Y140       LUT6 (Prop_D6LUT_SLICEM_I1_O)
                                                      0.088     4.240 r  DUT/gen_layers[2].comp_inst/gen_np[0].np_inst/popcount_q[6]_i_1/O
                         net (fo=1, routed)           0.072     4.312    DUT/gen_layers[2].comp_inst/gen_np[0].np_inst/p_0_in__0[6]
    SLICE_X146Y140       FDRE                                         r  DUT/gen_layers[2].comp_inst/gen_np[0].np_inst/popcount_q_reg[6]/D
  -------------------------------------------------------------------    -------------------

                         (clock clk rise edge)        1.000     1.000 r  
                                                      0.000     1.000 r  clk (IN)
                         net (fo=11607, unset)        1.955     2.955    DUT/gen_layers[2].comp_inst/gen_np[0].np_inst/clk
    SLICE_X146Y140       FDRE                                         r  DUT/gen_layers[2].comp_inst/gen_np[0].np_inst/popcount_q_reg[6]/C
                         clock pessimism              0.112     3.067    
                         clock uncertainty           -0.035     3.032    
    SLICE_X146Y140       FDRE (Setup_DFF_SLICEM_C_D)
                                                      0.025     3.057    DUT/gen_layers[2].comp_inst/gen_np[0].np_inst/popcount_q_reg[6]
  -------------------------------------------------------------------
                         required time                          3.057    
                         arrival time                          -4.312    
  -------------------------------------------------------------------
                         slack                                 -1.255    





Min Delay Paths
--------------------------------------------------------------------------------------
Slack (VIOLATED) :        -0.110ns  (arrival time - required time)
  Source:                 DUT/gen_layers[3].mem_inst/wr_data_q_reg[15]_replica_5/C
                            (rising edge-triggered cell FDRE clocked by clk  {rise@0.000ns fall@0.500ns period=1.000ns})
  Destination:            DUT/gen_layers[3].mem_inst/gen_weight_ports[8].mem_weights_lo_reg_0_63_14_20/RAMB/I
                            (rising edge-triggered cell RAMD64E clocked by clk  {rise@0.000ns fall@0.500ns period=1.000ns})
  Path Group:             clk
  Path Type:              Hold (Min at Slow Process Corner)
  Requirement:            0.000ns  (clk rise@0.000ns - clk rise@0.000ns)
  Data Path Delay:        0.207ns  (logic 0.058ns (28.019%)  route 0.149ns (71.981%))
  Logic Levels:           0  
  Clock Path Skew:        0.239ns (DCD - SCD - CPR)
    Destination Clock Delay (DCD):    2.271ns
    Source Clock Delay      (SCD):    1.920ns
    Clock Pessimism Removal (CPR):    0.112ns

    Location             Delay type                Incr(ns)  Path(ns)    Netlist Resource(s)
  -------------------------------------------------------------------    -------------------
                         (clock clk rise edge)        0.000     0.000 r  
                                                      0.000     0.000 r  clk (IN)
                         net (fo=11607, unset)        1.920     1.920    DUT/gen_layers[3].mem_inst/clk
    SLICE_X164Y178       FDRE                                         r  DUT/gen_layers[3].mem_inst/wr_data_q_reg[15]_replica_5/C
  -------------------------------------------------------------------    -------------------
    SLICE_X164Y178       FDRE (Prop_HFF_SLICEM_C_Q)
                                                      0.058     1.978 r  DUT/gen_layers[3].mem_inst/wr_data_q_reg[15]_replica_5/Q
                         net (fo=2, estimated)        0.149     2.127    DUT/gen_layers[3].mem_inst/gen_weight_ports[8].mem_weights_lo_reg_0_63_14_20/DIB
    SLICE_X166Y183       RAMD64E                                      r  DUT/gen_layers[3].mem_inst/gen_weight_ports[8].mem_weights_lo_reg_0_63_14_20/RAMB/I
  -------------------------------------------------------------------    -------------------

                         (clock clk rise edge)        0.000     0.000 r  
                                                      0.000     0.000 r  clk (IN)
                         net (fo=11607, unset)        2.271     2.271    DUT/gen_layers[3].mem_inst/gen_weight_ports[8].mem_weights_lo_reg_0_63_14_20/WCLK
    SLICE_X166Y183       RAMD64E                                      r  DUT/gen_layers[3].mem_inst/gen_weight_ports[8].mem_weights_lo_reg_0_63_14_20/RAMB/CLK
                         clock pessimism             -0.112     2.159    
    SLICE_X166Y183       RAMD64E (Hold_B6LUT_SLICEM_CLK_I)
                                                      0.078     2.237    DUT/gen_layers[3].mem_inst/gen_weight_ports[8].mem_weights_lo_reg_0_63_14_20/RAMB
  -------------------------------------------------------------------
                         required time                         -2.237    
                         arrival time                           2.127    
  -------------------------------------------------------------------
                         slack                                 -0.110    





Pulse Width Checks
--------------------------------------------------------------------------------------
Clock Name:         clk
Waveform(ns):       { 0.000 0.500 }
Period(ns):         1.000
Sources:            { clk }

Check Type        Corner  Lib Pin      Reference Pin  Required(ns)  Actual(ns)  Slack(ns)  Location       Pin
Min Period        n/a     URAM288/CLK  n/a            2.000         1.000       -1.000     URAM288_X3Y41  DUT/gen_layers[1].mem_inst/gen_weight_ports[0].mem_weights_lo_reg_uram_0/CLK
Low Pulse Width   Slow    URAM288/CLK  n/a            0.700         0.500       -0.200     URAM288_X3Y41  DUT/gen_layers[1].mem_inst/gen_weight_ports[0].mem_weights_lo_reg_uram_0/CLK
High Pulse Width  Slow    URAM288/CLK  n/a            0.700         0.500       -0.200     URAM288_X3Y41  DUT/gen_layers[1].mem_inst/gen_weight_ports[0].mem_weights_lo_reg_uram_0/CLK



