Copyright 1986-2021 Xilinx, Inc. All Rights Reserved.
-------------------------------------------------------------------------------------------------------------------------
| Tool Version     : Vivado v.2021.2 (lin64) Build 3367213 Tue Oct 19 02:47:39 MDT 2021
| Date             : Mon Apr 13 14:37:31 2026
| Host             : ece-lnx-10 running 64-bit Red Hat Enterprise Linux release 8.10 (Ootpa)
| Command          : report_power -file /home/UFAD/ymahmud/bnn_fcc_contest/post_syn/outputs/post_route_power.rpt
| Design           : bnn_fcc_timing
| Device           : xcu250-figd2104-2L-e
| Design State     : routed
| Grade            : extended
| Process          : typical
| Characterization : Production
-------------------------------------------------------------------------------------------------------------------------

Power Report

Table of Contents
-----------------
1. Summary
1.1 On-Chip Components
1.2 Power Supply Summary
1.3 Confidence Level
2. Settings
2.1 Environment
2.2 Clock Constraints
3. Detailed Reports
3.1 By Hierarchy

1. Summary
----------

+--------------------------+--------------+
| Total On-Chip Power (W)  | 5.549        |
| Design Power Budget (W)  | Unspecified* |
| Power Budget Margin (W)  | NA           |
| Dynamic (W)              | 2.555        |
| Device Static (W)        | 2.994        |
| Effective TJA (C/W)      | 0.5          |
| Max Ambient (C)          | 97.1         |
| Junction Temperature (C) | 27.9         |
| Confidence Level         | Medium       |
| Setting File             | ---          |
| Simulation Activity File | ---          |
| Design Nets Matched      | NA           |
+--------------------------+--------------+
* Specify Design Power Budget using, set_operating_conditions -design_power_budget <value in Watts>


1.1 On-Chip Components
----------------------

+--------------------------+-----------+----------+-----------+-----------------+
| On-Chip                  | Power (W) | Used     | Available | Utilization (%) |
+--------------------------+-----------+----------+-----------+-----------------+
| Clocks                   |     0.238 |        3 |       --- |             --- |
| CLB Logic                |     0.742 |    19736 |       --- |             --- |
|   LUT as Logic           |     0.639 |     6836 |   1728000 |            0.40 |
|   LUT as Distributed RAM |     0.072 |     2788 |    791040 |            0.35 |
|   Register               |     0.029 |     8774 |   3456000 |            0.25 |
|   CARRY8                 |     0.001 |       76 |    216000 |            0.04 |
|   Others                 |     0.000 |       81 |       --- |             --- |
|   F7/F8 Muxes            |     0.000 |     1028 |   1728000 |            0.06 |
| Signals                  |     0.922 |    15225 |       --- |             --- |
| Block RAM                |     0.198 |       16 |      2688 |            0.60 |
| URAM                     |     0.454 |       14 |      1280 |            1.09 |
| Static Power             |     2.994 |          |           |                 |
| Total                    |     5.549 |          |           |                 |
+--------------------------+-----------+----------+-----------+-----------------+


1.2 Power Supply Summary
------------------------

+------------+-------------+-----------+-------------+------------+-------------+-------------+------------+
| Source     | Voltage (V) | Total (A) | Dynamic (A) | Static (A) | Powerup (A) | Budget (A)  | Margin (A) |
+------------+-------------+-----------+-------------+------------+-------------+-------------+------------+
| Vccint     |       0.850 |     4.193 |       2.991 |      1.202 |       NA    | Unspecified | NA         |
| Vccint_io  |       0.850 |     0.143 |       0.000 |      0.143 |       NA    | Unspecified | NA         |
| Vccbram    |       0.850 |     0.036 |       0.015 |      0.021 |       NA    | Unspecified | NA         |
| Vccaux     |       1.800 |     0.882 |       0.000 |      0.882 |       NA    | Unspecified | NA         |
| Vccaux_io  |       1.800 |     0.104 |       0.000 |      0.104 |       NA    | Unspecified | NA         |
| Vcco33     |       3.300 |     0.000 |       0.000 |      0.000 |       NA    | Unspecified | NA         |
| Vcco25     |       2.500 |     0.000 |       0.000 |      0.000 |       NA    | Unspecified | NA         |
| Vcco18     |       1.800 |     0.000 |       0.000 |      0.000 |       NA    | Unspecified | NA         |
| Vcco15     |       1.500 |     0.000 |       0.000 |      0.000 |       NA    | Unspecified | NA         |
| Vcco135    |       1.350 |     0.000 |       0.000 |      0.000 |       NA    | Unspecified | NA         |
| Vcco12     |       1.200 |     0.000 |       0.000 |      0.000 |       NA    | Unspecified | NA         |
| Vcco10     |       1.000 |     0.000 |       0.000 |      0.000 |       NA    | Unspecified | NA         |
| Vccadc     |       1.800 |     0.032 |       0.000 |      0.032 |       NA    | Unspecified | NA         |
| MGTYAVcc   |       0.900 |     0.000 |       0.000 |      0.000 |       NA    | Unspecified | NA         |
| MGTYAVtt   |       1.200 |     0.000 |       0.000 |      0.000 |       NA    | Unspecified | NA         |
| MGTYVccaux |       1.800 |     0.000 |       0.000 |      0.000 |       NA    | Unspecified | NA         |
+------------+-------------+-----------+-------------+------------+-------------+-------------+------------+


1.3 Confidence Level
--------------------

+-----------------------------+------------+------------------------------------------------+------------------------------------------------------------------------------------------------------------+
| User Input Data             | Confidence | Details                                        | Action                                                                                                     |
+-----------------------------+------------+------------------------------------------------+------------------------------------------------------------------------------------------------------------+
| Design implementation state | High       | Design is routed                               |                                                                                                            |
| Clock nodes activity        | High       | User specified more than 95% of clocks         |                                                                                                            |
| I/O nodes activity          | High       | User specified more than 95% of inputs         |                                                                                                            |
| Internal nodes activity     | Medium     | User specified less than 25% of internal nodes | Provide missing internal nodes activity with simulation results or by editing the "By Resource Type" views |
| Device models               | High       | Device models are Production                   |                                                                                                            |
|                             |            |                                                |                                                                                                            |
| Overall confidence level    | Medium     |                                                |                                                                                                            |
+-----------------------------+------------+------------------------------------------------+------------------------------------------------------------------------------------------------------------+


2. Settings
-----------

2.1 Environment
---------------

+-----------------------+--------------------------+
| Ambient Temp (C)      | 25.0                     |
| ThetaJA (C/W)         | 0.5                      |
| Airflow (LFM)         | 250                      |
| Heat Sink             | medium (Medium Profile)  |
| ThetaSA (C/W)         | 0.7                      |
| Board Selection       | medium (10"x10")         |
| # of Board Layers     | 12to15 (12 to 15 Layers) |
| Board Temperature (C) | 25.0                     |
+-----------------------+--------------------------+


2.2 Clock Constraints
---------------------

+-------+--------+-----------------+
| Clock | Domain | Constraint (ns) |
+-------+--------+-----------------+
| clk   | clk    |             1.0 |
+-------+--------+-----------------+


3. Detailed Reports
-------------------

3.1 By Hierarchy
----------------

+-----------------------------+-----------+
| Name                        | Power (W) |
+-----------------------------+-----------+
| bnn_fcc_timing              |     2.555 |
|   DUT                       |     2.544 |
|     config_parser_inst      |     0.007 |
|     gen_layers[1].comp_inst |     0.494 |
|       gen_np[0].np_inst     |     0.045 |
|       gen_np[1].np_inst     |     0.044 |
|       gen_np[2].np_inst     |     0.058 |
|       gen_np[3].np_inst     |     0.047 |
|       gen_np[4].np_inst     |     0.045 |
|       gen_np[5].np_inst     |     0.043 |
|       gen_np[6].np_inst     |     0.044 |
|       gen_np[7].np_inst     |     0.054 |
|     gen_layers[1].mem_inst  |     0.793 |
|     gen_layers[2].comp_inst |     0.375 |
|       gen_np[0].np_inst     |     0.040 |
|       gen_np[1].np_inst     |     0.040 |
|       gen_np[2].np_inst     |     0.039 |
|       gen_np[3].np_inst     |     0.038 |
|       gen_np[4].np_inst     |     0.038 |
|       gen_np[5].np_inst     |     0.040 |
|       gen_np[6].np_inst     |     0.057 |
|       gen_np[7].np_inst     |     0.041 |
|     gen_layers[2].mem_inst  |     0.330 |
|     gen_layers[3].comp_inst |     0.269 |
|       gen_np[0].np_inst     |     0.024 |
|       gen_np[1].np_inst     |     0.023 |
|       gen_np[2].np_inst     |     0.022 |
|       gen_np[3].np_inst     |     0.024 |
|       gen_np[4].np_inst     |     0.022 |
|       gen_np[5].np_inst     |     0.022 |
|       gen_np[6].np_inst     |     0.023 |
|       gen_np[7].np_inst     |     0.023 |
|       gen_np[8].np_inst     |     0.023 |
|       gen_np[9].np_inst     |     0.022 |
|     gen_layers[3].mem_inst  |     0.234 |
+-----------------------------+-----------+


